Component: ARM Compiler 5.06 update 7 (build 960) Tool: armlink [4d3601]

==============================================================================

Section Cross References

    system_lpc11xx.o(.text) refers to system_lpc11xx.o(i.__ARM_common_switch8) for __ARM_common_switch8
    system_lpc11xx.o(.text) refers to uidiv.o(.text) for __aeabi_uidivmod
    system_lpc11xx.o(.text) refers to system_lpc11xx.o(.data) for SystemCoreClock
    startup_lpc11xx.o(RESET) refers to startup_lpc11xx.o(STACK) for __initial_sp
    startup_lpc11xx.o(RESET) refers to startup_lpc11xx.o(.text) for Reset_Handler
    startup_lpc11xx.o(.text) refers to entry.o(.ARM.Collect$$$$00000000) for __main
    main.o(.text) refers to system_lpc11xx.o(.text) for SystemInit
    entry.o(.ARM.Collect$$$$00000000) refers (Special) to entry10a.o(.ARM.Collect$$$$0000000F) for __rt_final_cpp
    entry.o(.ARM.Collect$$$$00000000) refers (Special) to entry11a.o(.ARM.Collect$$$$00000011) for __rt_final_exit
    entry.o(.ARM.Collect$$$$00000000) refers (Special) to entry12b.o(.ARM.Collect$$$$0000000E) for __rt_lib_shutdown_fini
    entry.o(.ARM.Collect$$$$00000000) refers (Special) to entry7b.o(.ARM.Collect$$$$00000008) for _main_clock
    entry.o(.ARM.Collect$$$$00000000) refers (Special) to entry8b.o(.ARM.Collect$$$$0000000A) for _main_cpp_init
    entry.o(.ARM.Collect$$$$00000000) refers (Special) to entry9a.o(.ARM.Collect$$$$0000000B) for _main_init
    entry.o(.ARM.Collect$$$$00000000) refers (Special) to entry5.o(.ARM.Collect$$$$00000004) for _main_scatterload
    entry.o(.ARM.Collect$$$$00000000) refers (Special) to entry2.o(.ARM.Collect$$$$00000001) for _main_stk
    entry2.o(.ARM.Collect$$$$00000001) refers to entry2.o(.ARM.Collect$$$$00002712) for __lit__00000000
    entry2.o(.ARM.Collect$$$$00002712) refers to startup_lpc11xx.o(STACK) for __initial_sp
    entry2.o(__vectab_stack_and_reset_area) refers to startup_lpc11xx.o(STACK) for __initial_sp
    entry2.o(__vectab_stack_and_reset_area) refers to entry.o(.ARM.Collect$$$$00000000) for __main
    entry5.o(.ARM.Collect$$$$00000004) refers to init.o(.text) for __scatterload
    entry9a.o(.ARM.Collect$$$$0000000B) refers to main.o(.text) for main
    entry9b.o(.ARM.Collect$$$$0000000C) refers to main.o(.text) for main
    init.o(.text) refers to entry5.o(.ARM.Collect$$$$00000004) for __main_after_scatterload


==============================================================================

Removing Unused input sections from the image.

    Removing startup_lpc11xx.o(HEAP), (0 bytes).

1 unused section(s) (total 0 bytes) removed from the image.

==============================================================================

Image Symbol Table

    Local Symbols

    Symbol Name                              Value     Ov Type        Size  Object(Section)

    RESET                                    0x00000000   Section      192  startup_lpc11xx.o(RESET)
    ../clib/microlib/division.c              0x00000000   Number         0  uidiv.o ABSOLUTE
    ../clib/microlib/init/entry.s            0x00000000   Number         0  entry10b.o ABSOLUTE
    ../clib/microlib/init/entry.s            0x00000000   Number         0  entry10a.o ABSOLUTE
    ../clib/microlib/init/entry.s            0x00000000   Number         0  entry9b.o ABSOLUTE
    ../clib/microlib/init/entry.s            0x00000000   Number         0  entry9a.o ABSOLUTE
    ../clib/microlib/init/entry.s            0x00000000   Number         0  entry8b.o ABSOLUTE
    ../clib/microlib/init/entry.s            0x00000000   Number         0  entry8a.o ABSOLUTE
    ../clib/microlib/init/entry.s            0x00000000   Number         0  entry.o ABSOLUTE
    ../clib/microlib/init/entry.s            0x00000000   Number         0  entry2.o ABSOLUTE
    ../clib/microlib/init/entry.s            0x00000000   Number         0  entry7b.o ABSOLUTE
    ../clib/microlib/init/entry.s            0x00000000   Number         0  entry7a.o ABSOLUTE
    ../clib/microlib/init/entry.s            0x00000000   Number         0  entry5.o ABSOLUTE
    ../clib/microlib/init/entry.s            0x00000000   Number         0  entry11a.o ABSOLUTE
    ../clib/microlib/init/entry.s            0x00000000   Number         0  entry11b.o ABSOLUTE
    ../clib/microlib/init/entry.s            0x00000000   Number         0  entry12a.o ABSOLUTE
    ../clib/microlib/init/entry.s            0x00000000   Number         0  entry12b.o ABSOLUTE
    ..\Common\src\core_cm0.c                 0x00000000   Number         0  core_cm0.o ABSOLUTE
    ..\Common\src\startup_LPC11xx.s          0x00000000   Number         0  startup_lpc11xx.o ABSOLUTE
    ..\Common\src\system_LPC11xx.c           0x00000000   Number         0  system_lpc11xx.o ABSOLUTE
    AD_UART.c                                0x00000000   Number         0  ad_uart.o ABSOLUTE
    IIC.c                                    0x00000000   Number         0  iic.o ABSOLUTE
    Source\main.c                            0x00000000   Number         0  main.o ABSOLUTE
    dc.s                                     0x00000000   Number         0  dc.o ABSOLUTE
    handlers.s                               0x00000000   Number         0  handlers.o ABSOLUTE
    init.s                                   0x00000000   Number         0  init.o ABSOLUTE
    .ARM.Collect$$$$00000000                 0x000000c0   Section        0  entry.o(.ARM.Collect$$$$00000000)
    .ARM.Collect$$$$00000001                 0x000000c0   Section        4  entry2.o(.ARM.Collect$$$$00000001)
    .ARM.Collect$$$$00000004                 0x000000c4   Section        4  entry5.o(.ARM.Collect$$$$00000004)
    .ARM.Collect$$$$00000008                 0x000000c8   Section        0  entry7b.o(.ARM.Collect$$$$00000008)
    .ARM.Collect$$$$0000000A                 0x000000c8   Section        0  entry8b.o(.ARM.Collect$$$$0000000A)
    .ARM.Collect$$$$0000000B                 0x000000c8   Section        8  entry9a.o(.ARM.Collect$$$$0000000B)
    .ARM.Collect$$$$0000000E                 0x000000d0   Section        4  entry12b.o(.ARM.Collect$$$$0000000E)
    .ARM.Collect$$$$0000000F                 0x000000d4   Section        0  entry10a.o(.ARM.Collect$$$$0000000F)
    .ARM.Collect$$$$00000011                 0x000000d4   Section        0  entry11a.o(.ARM.Collect$$$$00000011)
    .ARM.Collect$$$$00002712                 0x000000d4   Section        4  entry2.o(.ARM.Collect$$$$00002712)
    __lit__00000000                          0x000000d4   Data           4  entry2.o(.ARM.Collect$$$$00002712)
    .text                                    0x000000d8   Section       28  startup_lpc11xx.o(.text)
    .text                                    0x000000f4   Section        0  main.o(.text)
    .text                                    0x000000fc   Section        0  uidiv.o(.text)
    .text                                    0x00000128   Section       36  init.o(.text)
    i.__ARM_common_switch8                   0x0000014c   Section        0  system_lpc11xx.o(i.__ARM_common_switch8)
    i.__scatterload_copy                     0x00000168   Section       14  handlers.o(i.__scatterload_copy)
    i.__scatterload_null                     0x00000176   Section        2  handlers.o(i.__scatterload_null)
    i.__scatterload_zeroinit                 0x00000178   Section       14  handlers.o(i.__scatterload_zeroinit)
    .ARM.__at_0x02FC                         0x000002fc   Section        4  startup_lpc11xx.o(.ARM.__at_0x02FC)
    .text                                    0x00000300   Section        0  system_lpc11xx.o(.text)
    .data                                    0x10000000   Section        4  system_lpc11xx.o(.data)
    STACK                                    0x10000008   Section      512  startup_lpc11xx.o(STACK)

    Global Symbols

    Symbol Name                              Value     Ov Type        Size  Object(Section)

    BuildAttributes$$THM_ISAv3M$S$PE$A:L22$X:L11$S22$IEEE1$IW$USESV6$~STKCKD$USESV7$~SHL$OSPACE$EBA8$MICROLIB$REQ8$PRES8$EABIv2 0x00000000   Number         0  anon$$obj.o ABSOLUTE
    __ARM_use_no_argv                        0x00000000   Number         0  main.o ABSOLUTE
    __Vectors                                0x00000000   Data           4  startup_lpc11xx.o(RESET)
    __arm_fini_                               - Undefined Weak Reference
    __cpp_initialize__aeabi_                  - Undefined Weak Reference
    __cxa_finalize                            - Undefined Weak Reference
    __decompress                              - Undefined Weak Reference
    _clock_init                               - Undefined Weak Reference
    _microlib_exit                            - Undefined Weak Reference
    __main                                   0x000000c1   Thumb Code     0  entry.o(.ARM.Collect$$$$00000000)
    _main_stk                                0x000000c1   Thumb Code     0  entry2.o(.ARM.Collect$$$$00000001)
    _main_scatterload                        0x000000c5   Thumb Code     0  entry5.o(.ARM.Collect$$$$00000004)
    __main_after_scatterload                 0x000000c9   Thumb Code     0  entry5.o(.ARM.Collect$$$$00000004)
    _main_clock                              0x000000c9   Thumb Code     0  entry7b.o(.ARM.Collect$$$$00000008)
    _main_cpp_init                           0x000000c9   Thumb Code     0  entry8b.o(.ARM.Collect$$$$0000000A)
    _main_init                               0x000000c9   Thumb Code     0  entry9a.o(.ARM.Collect$$$$0000000B)
    __rt_lib_shutdown_fini                   0x000000d1   Thumb Code     0  entry12b.o(.ARM.Collect$$$$0000000E)
    __rt_final_cpp                           0x000000d5   Thumb Code     0  entry10a.o(.ARM.Collect$$$$0000000F)
    __rt_final_exit                          0x000000d5   Thumb Code     0  entry11a.o(.ARM.Collect$$$$00000011)
    Reset_Handler                            0x000000d9   Thumb Code     4  startup_lpc11xx.o(.text)
    NMI_Handler                              0x000000dd   Thumb Code     2  startup_lpc11xx.o(.text)
    HardFault_Handler                        0x000000df   Thumb Code     2  startup_lpc11xx.o(.text)
    MemManage_Handler                        0x000000e1   Thumb Code     2  startup_lpc11xx.o(.text)
    BusFault_Handler                         0x000000e3   Thumb Code     2  startup_lpc11xx.o(.text)
    UsageFault_Handler                       0x000000e5   Thumb Code     2  startup_lpc11xx.o(.text)
    SVC_Handler                              0x000000e7   Thumb Code     2  startup_lpc11xx.o(.text)
    DebugMon_Handler                         0x000000e9   Thumb Code     2  startup_lpc11xx.o(.text)
    PendSV_Handler                           0x000000eb   Thumb Code     2  startup_lpc11xx.o(.text)
    SysTick_Handler                          0x000000ed   Thumb Code     2  startup_lpc11xx.o(.text)
    ADC_IRQHandler                           0x000000ef   Thumb Code     0  startup_lpc11xx.o(.text)
    BOD_IRQHandler                           0x000000ef   Thumb Code     0  startup_lpc11xx.o(.text)
    CAN_IRQHandler                           0x000000ef   Thumb Code     0  startup_lpc11xx.o(.text)
    FMC_IRQHandler                           0x000000ef   Thumb Code     0  startup_lpc11xx.o(.text)
    I2C_IRQHandler                           0x000000ef   Thumb Code     0  startup_lpc11xx.o(.text)
    PIOINT0_IRQHandler                       0x000000ef   Thumb Code     0  startup_lpc11xx.o(.text)
    PIOINT1_IRQHandler                       0x000000ef   Thumb Code     0  startup_lpc11xx.o(.text)
    PIOINT2_IRQHandler                       0x000000ef   Thumb Code     0  startup_lpc11xx.o(.text)
    PIOINT3_IRQHandler                       0x000000ef   Thumb Code     0  startup_lpc11xx.o(.text)
    SSP0_IRQHandler                          0x000000ef   Thumb Code     0  startup_lpc11xx.o(.text)
    SSP1_IRQHandler                          0x000000ef   Thumb Code     0  startup_lpc11xx.o(.text)
    TIMER16_0_IRQHandler                     0x000000ef   Thumb Code     0  startup_lpc11xx.o(.text)
    TIMER16_1_IRQHandler                     0x000000ef   Thumb Code     0  startup_lpc11xx.o(.text)
    TIMER32_0_IRQHandler                     0x000000ef   Thumb Code     0  startup_lpc11xx.o(.text)
    TIMER32_1_IRQHandler                     0x000000ef   Thumb Code     0  startup_lpc11xx.o(.text)
    UART_IRQHandler                          0x000000ef   Thumb Code     0  startup_lpc11xx.o(.text)
    USB_FIQHandler                           0x000000ef   Thumb Code     0  startup_lpc11xx.o(.text)
    USB_IRQHandler                           0x000000ef   Thumb Code     0  startup_lpc11xx.o(.text)
    WAKEUP_IRQHandler                        0x000000ef   Thumb Code     0  startup_lpc11xx.o(.text)
    WDT_IRQHandler                           0x000000ef   Thumb Code     0  startup_lpc11xx.o(.text)
    main                                     0x000000f5   Thumb Code     8  main.o(.text)
    __aeabi_uidiv                            0x000000fd   Thumb Code     0  uidiv.o(.text)
    __aeabi_uidivmod                         0x000000fd   Thumb Code    44  uidiv.o(.text)
    __scatterload                            0x00000129   Thumb Code    28  init.o(.text)
    __scatterload_rt2                        0x00000129   Thumb Code     0  init.o(.text)
    __ARM_common_switch8                     0x0000014d   Thumb Code    28  system_lpc11xx.o(i.__ARM_common_switch8)
    __scatterload_copy                       0x00000169   Thumb Code    14  handlers.o(i.__scatterload_copy)
    __scatterload_null                       0x00000177   Thumb Code     2  handlers.o(i.__scatterload_null)
    __scatterload_zeroinit                   0x00000179   Thumb Code    14  handlers.o(i.__scatterload_zeroinit)
    Region$$Table$$Base                      0x00000188   Number         0  anon$$obj.o(Region$$Table)
    Region$$Table$$Limit                     0x000001a8   Number         0  anon$$obj.o(Region$$Table)
    SystemCoreClockUpdate                    0x00000301   Thumb Code   368  system_lpc11xx.o(.text)
    SystemInit                               0x00000471   Thumb Code   150  system_lpc11xx.o(.text)
    SystemCoreClock                          0x10000000   Data           4  system_lpc11xx.o(.data)
    __initial_sp                             0x10000208   Data           0  startup_lpc11xx.o(STACK)



==============================================================================

Memory Map of the image

  Image Entry point : 0x000000c1

  Load Region LR_IROM1 (Base: 0x00000000, Size: 0x00000558, Max: 0x00008000, ABSOLUTE)

    Execution Region ER_IROM1 (Exec base: 0x00000000, Load base: 0x00000000, Size: 0x00000554, Max: 0x00008000, ABSOLUTE)

    Exec Addr    Load Addr    Size         Type   Attr      Idx    E Section Name        Object

    0x00000000   0x00000000   0x000000c0   Data   RO           40    RESET               startup_lpc11xx.o
    0x000000c0   0x000000c0   0x00000000   Code   RO           77  * .ARM.Collect$$$$00000000  mc_p.l(entry.o)
    0x000000c0   0x000000c0   0x00000004   Code   RO           82    .ARM.Collect$$$$00000001  mc_p.l(entry2.o)
    0x000000c4   0x000000c4   0x00000004   Code   RO           85    .ARM.Collect$$$$00000004  mc_p.l(entry5.o)
    0x000000c8   0x000000c8   0x00000000   Code   RO           87    .ARM.Collect$$$$00000008  mc_p.l(entry7b.o)
    0x000000c8   0x000000c8   0x00000000   Code   RO           89    .ARM.Collect$$$$0000000A  mc_p.l(entry8b.o)
    0x000000c8   0x000000c8   0x00000008   Code   RO           90    .ARM.Collect$$$$0000000B  mc_p.l(entry9a.o)
    0x000000d0   0x000000d0   0x00000004   Code   RO           97    .ARM.Collect$$$$0000000E  mc_p.l(entry12b.o)
    0x000000d4   0x000000d4   0x00000000   Code   RO           92    .ARM.Collect$$$$0000000F  mc_p.l(entry10a.o)
    0x000000d4   0x000000d4   0x00000000   Code   RO           94    .ARM.Collect$$$$00000011  mc_p.l(entry11a.o)
    0x000000d4   0x000000d4   0x00000004   Code   RO           83    .ARM.Collect$$$$00002712  mc_p.l(entry2.o)
    0x000000d8   0x000000d8   0x0000001c   Code   RO           42    .text               startup_lpc11xx.o
    0x000000f4   0x000000f4   0x00000008   Code   RO           49    .text               main.o
    0x000000fc   0x000000fc   0x0000002c   Code   RO           80    .text               mc_p.l(uidiv.o)
    0x00000128   0x00000128   0x00000024   Code   RO           98    .text               mc_p.l(init.o)
    0x0000014c   0x0000014c   0x0000001c   Code   RO           14    i.__ARM_common_switch8  system_lpc11xx.o
    0x00000168   0x00000168   0x0000000e   Code   RO          102    i.__scatterload_copy  mc_p.l(handlers.o)
    0x00000176   0x00000176   0x00000002   Code   RO          103    i.__scatterload_null  mc_p.l(handlers.o)
    0x00000178   0x00000178   0x0000000e   Code   RO          104    i.__scatterload_zeroinit  mc_p.l(handlers.o)
    0x00000186   0x00000186   0x00000002   PAD
    0x00000188   0x00000188   0x00000020   Data   RO          100    Region$$Table       anon$$obj.o
    0x000001a8   0x000001a8   0x00000154   PAD
    0x000002fc   0x000002fc   0x00000004   Code   RO           41    .ARM.__at_0x02FC    startup_lpc11xx.o
    0x00000300   0x00000300   0x00000254   Code   RO            1    .text               system_lpc11xx.o


    Execution Region RW_IRAM1 (Exec base: 0x10000000, Load base: 0x00000554, Size: 0x00000208, Max: 0x00002000, ABSOLUTE)

    Exec Addr    Load Addr    Size         Type   Attr      Idx    E Section Name        Object

    0x10000000   0x00000554   0x00000004   Data   RW            2    .data               system_lpc11xx.o
    0x10000004   0x00000558   0x00000004   PAD
    0x10000008        -       0x00000200   Zero   RW           38    STACK               startup_lpc11xx.o


==============================================================================

Image component sizes


      Code (inc. data)   RO Data    RW Data    ZI Data      Debug   Object Name

         8          0          0          0          0        387   main.o
        32          8        192          0        512       1004   startup_lpc11xx.o
       624         96          0          4          0       6797   system_lpc11xx.o

    ----------------------------------------------------------------------
       664        104        564          4        516       8188   Object Totals
         0          0         32          0          0          0   (incl. Generated)
         0          0        340          0          4          0   (incl. Padding)

    ----------------------------------------------------------------------

      Code (inc. data)   RO Data    RW Data    ZI Data      Debug   Library Member Name

         0          0          0          0          0          0   entry.o
         0          0          0          0          0          0   entry10a.o
         0          0          0          0          0          0   entry11a.o
         4          0          0          0          0          0   entry12b.o
         8          4          0          0          0          0   entry2.o
         4          0          0          0          0          0   entry5.o
         0          0          0          0          0          0   entry7b.o
         0          0          0          0          0          0   entry8b.o
         8          4          0          0          0          0   entry9a.o
        30          0          0          0          0          0   handlers.o
        36          8          0          0          0         68   init.o
        44          0          0          0          0         72   uidiv.o

    ----------------------------------------------------------------------
       136         16          0          0          0        140   Library Totals
         2          0          0          0          0          0   (incl. Padding)

    ----------------------------------------------------------------------

      Code (inc. data)   RO Data    RW Data    ZI Data      Debug   Library Name

       134         16          0          0          0        140   mc_p.l

    ----------------------------------------------------------------------
       136         16          0          0          0        140   Library Totals

    ----------------------------------------------------------------------

==============================================================================


      Code (inc. data)   RO Data    RW Data    ZI Data      Debug   

       800        120        564          4        516       8392   Grand Totals
       800        120        564          4        516       8392   ELF Image Totals
       800        120        564          4          0          0   ROM Totals

==============================================================================

    Total RO  Size (Code + RO Data)                 1364 (   1.33kB)
    Total RW  Size (RW Data + ZI Data)               520 (   0.51kB)
    Total ROM Size (Code + RO Data + RW Data)       1368 (   1.34kB)

==============================================================================

