<html>
<body>
<pre>
<h1>µVision Build Log</h1>
<h2>Tool Versions:</h2>
IDE-Version: ¦ÌVision V5.39.0.0
Copyright (C) 2023 ARM Ltd and ARM Germany GmbH. All rights reserved.
License Information: eee Áõ¼Î¿¡, ee, LIC=LSNXV-PHFQW-VE7HA-18USJ-D1AV4-XBPSK
 
Tool Versions:
Toolchain:       MDK-ARM Plus  Version: 5.39.0.0
Toolchain Path:  I:\Keil5\keil5_mdk\ARM\ARMCC\Bin
C Compiler:      Armcc.exe V5.06 update 7 (build 960)
Assembler:       Armasm.exe V5.06 update 7 (build 960)
Linker/Locator:  ArmLink.exe V5.06 update 7 (build 960)
Library Manager: ArmAr.exe V5.06 update 7 (build 960)
Hex Converter:   FromElf.exe V5.06 update 7 (build 960)
CPU DLL:         SARMCM3.DLL V5.39.0.0
Dialog DLL:      DARMCM1.DLL V1.19.6.0
Target DLL:      UL2CM3.DLL V1.164.9.0
Dialog DLL:      TARMCM1.DLL V1.14.6.0
 
<h2>Project:</h2>
c:\Users\liujiajun\Desktop\LPC1114\UART\UART.uvprojx
Project File Date:  11/14/2024

<h2>Output:</h2>
*** Using Compiler 'V5.06 update 7 (build 960)', folder: 'I:\Keil5\keil5_mdk\ARM\ARMCC\Bin'
Build target 'UART_Debug'
assembling startup_LPC11xx.s...
compiling AD_UART.c...
compiling IIC.c...
IIC.c(291): warning:  #1-D: last line of file ends without a newline
  //}
IIC.c: 1 warning, 0 errors
compiling core_cm0.c...
compiling system_LPC11xx.c...
compiling main.c...
Source\main.c(17): warning:  #1-D: last line of file ends without a newline
   
Source\main.c: 1 warning, 0 errors
linking...
Program Size: Code=800 RO-data=564 RW-data=4 ZI-data=516  
FromELF: creating hex file...
".\Obj\UART.axf" - 0 Error(s), 2 Warning(s).

<h2>Software Packages used:</h2>

Package Vendor: ARM
                https://www.keil.com/pack/ARM.CMSIS.6.1.0.pack
                ARM::CMSIS@6.1.0
                CMSIS (Common Microcontroller Software Interface Standard)
   * Component: CORE Version: 6.1.0

Package Vendor: Keil
                https://www.keil.com/pack/Keil.LPC1100_DFP.1.4.1.pack
                Keil::LPC1100_DFP@1.4.1
                NXP LPC1100 Series Device Support

<h2>Collection of Component include folders:</h2>
  ./RTE/_UART_Debug
  I:/Keil5/keil5_packs/ARM/CMSIS/6.1.0/CMSIS/Core/Include
  I:/Keil5/keil5_packs/Keil/LPC1100_DFP/1.4.1/Device/Include/LPC11xx

<h2>Collection of Component Files used:</h2>

   * Component: ARM::CMSIS:CORE@6.1.0
Build Time Elapsed:  00:00:01
</pre>
</body>
</html>
