Component: ARM Compiler 5.06 update 7 (build 960) Tool: armlink [4d3601]

==============================================================================

Section Cross References

    system_lpc11xx.o(.text) refers to system_lpc11xx.o(i.__ARM_common_switch8) for __ARM_common_switch8
    system_lpc11xx.o(.text) refers to uidiv.o(.text) for __aeabi_uidivmod
    system_lpc11xx.o(.text) refers to system_lpc11xx.o(.data) for .data
    startup_lpc11xx.o(RESET) refers to startup_lpc11xx.o(STACK) for __initial_sp
    startup_lpc11xx.o(RESET) refers to startup_lpc11xx.o(.text) for Reset_Handler
    startup_lpc11xx.o(RESET) refers to main.o(.text) for TIMER32_0_IRQHandler
    startup_lpc11xx.o(.text) refers to entry.o(.ARM.Collect$$$$00000000) for __main
    main.o(.text) refers to oled.o(.text) for OLED_ShowString
    main.o(.text) refers to music.o(.text) for PassiveBuzzer_ON
    main.o(.text) refers to led.o(.text) for RGB_Green_Toggle
    main.o(.text) refers to f2d.o(.text) for __aeabi_f2d
    main.o(.text) refers to printfa.o(i.__0sprintf) for __2sprintf
    main.o(.text) refers to lm75bd.o(.text) for Read_Temp_LM75BD
    main.o(.text) refers to cfrcmple.o(.text) for __aeabi_cfrcmple
    main.o(.text) refers to fadd.o(.text) for __aeabi_fadd
    main.o(.text) refers to fdiv.o(.text) for __aeabi_fdiv
    main.o(.text) refers to uart.o(.text) for UART_Send
    main.o(.text) refers to xt25f02.o(.text) for SPI1_Read_FLASH
    main.o(.text) refers to printfa.o(i.__0printf) for __2printf
    main.o(.text) refers to ds1307.o(.text) for DS1307_Read
    main.o(.text) refers to system_lpc11xx.o(.text) for SystemInit
    main.o(.text) refers to i2c.o(.text) for I2C_Init
    main.o(.text) refers to sspi1.o(.text) for SSPI1_Init
    main.o(.text) refers to delay.o(.text) for T16B0_init
    main.o(.text) refers to ds18b20.o(.text) for DS18B20_Init
    main.o(.text) refers to main.o(.bss) for .bss
    main.o(.text) refers to main.o(.data) for .data
    main.o(.text) refers to system_lpc11xx.o(.data) for SystemCoreClock
    music.o(.text) refers to uidiv.o(.text) for __aeabi_uidivmod
    music.o(.text) refers to delay.o(.text) for T16B0_delay_ms
    music.o(.text) refers to system_lpc11xx.o(.data) for SystemCoreClock
    music.o(.text) refers to music.o(.data) for .data
    oled.o(.text) refers to i2c.o(.text) for I2C_Start
    oled.o(.text) refers to uidiv.o(.text) for __aeabi_uidivmod
    oled.o(.text) refers to oled.o(.constdata) for .constdata
    delay.o(.text) refers to uidiv.o(.text) for __aeabi_uidivmod
    delay.o(.text) refers to system_lpc11xx.o(.data) for SystemCoreClock
    ds1307.o(.text) refers to i2c.o(.text) for I2C_Start
    ds1307.o(.text) refers to main.o(.data) for Time
    ds1307.o(.text) refers to main.o(.data) for data
    ds1307.o(.text) refers to main.o(.bss) for Time_Data
    ds1307.o(.text) refers to main.o(.data) for Week
    lm75bd.o(.text) refers to i2c.o(.text) for I2C_Start
    lm75bd.o(.text) refers to dflti.o(.text) for __aeabi_i2d
    lm75bd.o(.text) refers to dscalb.o(.text) for __ARM_scalbn
    lm75bd.o(.text) refers to d2f.o(.text) for __aeabi_d2f
    lm75bd.o(.text) refers to ffltui.o(.text) for __aeabi_ui2f
    lm75bd.o(.text) refers to fscalb.o(.text) for __ARM_scalbnf
    uart.o(.text) refers to uidiv.o(.text) for __aeabi_uidivmod
    uart.o(.text) refers to system_lpc11xx.o(.data) for SystemCoreClock
    ds18b20.o(.text) refers to delay.o(.text) for T16B0_delay_us
    ds18b20.o(.text) refers to dfltui.o(.text) for __aeabi_ui2d
    ds18b20.o(.text) refers to dmul.o(.text) for __aeabi_dmul
    ds18b20.o(.text) refers to dscalb.o(.text) for __ARM_scalbn
    ds18b20.o(.text) refers to d2f.o(.text) for __aeabi_d2f
    xt25f02.o(.text) refers to sspi1.o(.text) for SSP1_LOW
    xt25f02.o(.text) refers to delay.o(.text) for T16B0_delay_ms
    xt25f02.o(.text) refers to main.o(.bss) for Write_Addr
    xt25f02.o(.text) refers to main.o(.bss) for Read_Addr
    sspi1.o(.text) refers to main.o(.bss) for Read_Addr
    sspi1.o(.text) refers to main.o(.bss) for Write_Addr
    led.o(.text) refers to delay.o(.text) for T16B0_delay_ms
    entry.o(.ARM.Collect$$$$00000000) refers (Special) to entry10a.o(.ARM.Collect$$$$0000000F) for __rt_final_cpp
    entry.o(.ARM.Collect$$$$00000000) refers (Special) to entry11a.o(.ARM.Collect$$$$00000011) for __rt_final_exit
    entry.o(.ARM.Collect$$$$00000000) refers (Special) to entry12b.o(.ARM.Collect$$$$0000000E) for __rt_lib_shutdown_fini
    entry.o(.ARM.Collect$$$$00000000) refers (Special) to entry7b.o(.ARM.Collect$$$$00000008) for _main_clock
    entry.o(.ARM.Collect$$$$00000000) refers (Special) to entry8b.o(.ARM.Collect$$$$0000000A) for _main_cpp_init
    entry.o(.ARM.Collect$$$$00000000) refers (Special) to entry9a.o(.ARM.Collect$$$$0000000B) for _main_init
    entry.o(.ARM.Collect$$$$00000000) refers (Special) to entry5.o(.ARM.Collect$$$$00000004) for _main_scatterload
    entry.o(.ARM.Collect$$$$00000000) refers (Special) to entry2.o(.ARM.Collect$$$$00000001) for _main_stk
    printfb.o(i.__0fprintf$bare) refers to printfb.o(i._printf_core) for _printf_core
    printfb.o(i.__0fprintf$bare) refers to uart.o(.text) for fputc
    printfb.o(i.__0printf$bare) refers to printfb.o(i._printf_core) for _printf_core
    printfb.o(i.__0printf$bare) refers to uart.o(.text) for fputc
    printfb.o(i.__0printf$bare) refers to stdout.o(.data) for __stdout
    printfb.o(i.__0snprintf$bare) refers to printfb.o(i._printf_core) for _printf_core
    printfb.o(i.__0snprintf$bare) refers to printfb.o(i._snputc) for _snputc
    printfb.o(i.__0sprintf$bare) refers to printfb.o(i._printf_core) for _printf_core
    printfb.o(i.__0sprintf$bare) refers to printfb.o(i._sputc) for _sputc
    printfb.o(i.__0vfprintf$bare) refers to printfb.o(i._printf_core) for _printf_core
    printfb.o(i.__0vfprintf$bare) refers to uart.o(.text) for fputc
    printfb.o(i.__0vprintf$bare) refers to printfb.o(i._printf_core) for _printf_core
    printfb.o(i.__0vprintf$bare) refers to uart.o(.text) for fputc
    printfb.o(i.__0vprintf$bare) refers to stdout.o(.data) for __stdout
    printfb.o(i.__0vsnprintf$bare) refers to printfb.o(i._printf_core) for _printf_core
    printfb.o(i.__0vsnprintf$bare) refers to printfb.o(i._snputc) for _snputc
    printfb.o(i.__0vsprintf$bare) refers to printfb.o(i._printf_core) for _printf_core
    printfb.o(i.__0vsprintf$bare) refers to printfb.o(i._sputc) for _sputc
    printf0.o(i.__0fprintf$0) refers to printf0.o(i._printf_core) for _printf_core
    printf0.o(i.__0fprintf$0) refers to uart.o(.text) for fputc
    printf0.o(i.__0printf$0) refers to printf0.o(i._printf_core) for _printf_core
    printf0.o(i.__0printf$0) refers to uart.o(.text) for fputc
    printf0.o(i.__0printf$0) refers to stdout.o(.data) for __stdout
    printf0.o(i.__0snprintf$0) refers to printf0.o(i._printf_core) for _printf_core
    printf0.o(i.__0snprintf$0) refers to printf0.o(i._snputc) for _snputc
    printf0.o(i.__0sprintf$0) refers to printf0.o(i._printf_core) for _printf_core
    printf0.o(i.__0sprintf$0) refers to printf0.o(i._sputc) for _sputc
    printf0.o(i.__0vfprintf$0) refers to printf0.o(i._printf_core) for _printf_core
    printf0.o(i.__0vfprintf$0) refers to uart.o(.text) for fputc
    printf0.o(i.__0vprintf$0) refers to printf0.o(i._printf_core) for _printf_core
    printf0.o(i.__0vprintf$0) refers to uart.o(.text) for fputc
    printf0.o(i.__0vprintf$0) refers to stdout.o(.data) for __stdout
    printf0.o(i.__0vsnprintf$0) refers to printf0.o(i._printf_core) for _printf_core
    printf0.o(i.__0vsnprintf$0) refers to printf0.o(i._snputc) for _snputc
    printf0.o(i.__0vsprintf$0) refers to printf0.o(i._printf_core) for _printf_core
    printf0.o(i.__0vsprintf$0) refers to printf0.o(i._sputc) for _sputc
    printf1.o(i.__0fprintf$1) refers to printf1.o(i._printf_core) for _printf_core
    printf1.o(i.__0fprintf$1) refers to uart.o(.text) for fputc
    printf1.o(i.__0printf$1) refers to printf1.o(i._printf_core) for _printf_core
    printf1.o(i.__0printf$1) refers to uart.o(.text) for fputc
    printf1.o(i.__0printf$1) refers to stdout.o(.data) for __stdout
    printf1.o(i.__0snprintf$1) refers to printf1.o(i._printf_core) for _printf_core
    printf1.o(i.__0snprintf$1) refers to printf1.o(i._snputc) for _snputc
    printf1.o(i.__0sprintf$1) refers to printf1.o(i._printf_core) for _printf_core
    printf1.o(i.__0sprintf$1) refers to printf1.o(i._sputc) for _sputc
    printf1.o(i.__0vfprintf$1) refers to printf1.o(i._printf_core) for _printf_core
    printf1.o(i.__0vfprintf$1) refers to uart.o(.text) for fputc
    printf1.o(i.__0vprintf$1) refers to printf1.o(i._printf_core) for _printf_core
    printf1.o(i.__0vprintf$1) refers to uart.o(.text) for fputc
    printf1.o(i.__0vprintf$1) refers to stdout.o(.data) for __stdout
    printf1.o(i.__0vsnprintf$1) refers to printf1.o(i._printf_core) for _printf_core
    printf1.o(i.__0vsnprintf$1) refers to printf1.o(i._snputc) for _snputc
    printf1.o(i.__0vsprintf$1) refers to printf1.o(i._printf_core) for _printf_core
    printf1.o(i.__0vsprintf$1) refers to printf1.o(i._sputc) for _sputc
    printf1.o(i._printf_core) refers to uidiv.o(.text) for __aeabi_uidivmod
    printf2.o(i.__0fprintf$2) refers to printf2.o(i._printf_core) for _printf_core
    printf2.o(i.__0fprintf$2) refers to uart.o(.text) for fputc
    printf2.o(i.__0printf$2) refers to printf2.o(i._printf_core) for _printf_core
    printf2.o(i.__0printf$2) refers to uart.o(.text) for fputc
    printf2.o(i.__0printf$2) refers to stdout.o(.data) for __stdout
    printf2.o(i.__0snprintf$2) refers to printf2.o(i._printf_core) for _printf_core
    printf2.o(i.__0snprintf$2) refers to printf2.o(i._snputc) for _snputc
    printf2.o(i.__0sprintf$2) refers to printf2.o(i._printf_core) for _printf_core
    printf2.o(i.__0sprintf$2) refers to printf2.o(i._sputc) for _sputc
    printf2.o(i.__0vfprintf$2) refers to printf2.o(i._printf_core) for _printf_core
    printf2.o(i.__0vfprintf$2) refers to uart.o(.text) for fputc
    printf2.o(i.__0vprintf$2) refers to printf2.o(i._printf_core) for _printf_core
    printf2.o(i.__0vprintf$2) refers to uart.o(.text) for fputc
    printf2.o(i.__0vprintf$2) refers to stdout.o(.data) for __stdout
    printf2.o(i.__0vsnprintf$2) refers to printf2.o(i._printf_core) for _printf_core
    printf2.o(i.__0vsnprintf$2) refers to printf2.o(i._snputc) for _snputc
    printf2.o(i.__0vsprintf$2) refers to printf2.o(i._printf_core) for _printf_core
    printf2.o(i.__0vsprintf$2) refers to printf2.o(i._sputc) for _sputc
    printf3.o(i.__0fprintf$3) refers to printf3.o(i._printf_core) for _printf_core
    printf3.o(i.__0fprintf$3) refers to uart.o(.text) for fputc
    printf3.o(i.__0printf$3) refers to printf3.o(i._printf_core) for _printf_core
    printf3.o(i.__0printf$3) refers to uart.o(.text) for fputc
    printf3.o(i.__0printf$3) refers to stdout.o(.data) for __stdout
    printf3.o(i.__0snprintf$3) refers to printf3.o(i._printf_core) for _printf_core
    printf3.o(i.__0snprintf$3) refers to printf3.o(i._snputc) for _snputc
    printf3.o(i.__0sprintf$3) refers to printf3.o(i._printf_core) for _printf_core
    printf3.o(i.__0sprintf$3) refers to printf3.o(i._sputc) for _sputc
    printf3.o(i.__0vfprintf$3) refers to printf3.o(i._printf_core) for _printf_core
    printf3.o(i.__0vfprintf$3) refers to uart.o(.text) for fputc
    printf3.o(i.__0vprintf$3) refers to printf3.o(i._printf_core) for _printf_core
    printf3.o(i.__0vprintf$3) refers to uart.o(.text) for fputc
    printf3.o(i.__0vprintf$3) refers to stdout.o(.data) for __stdout
    printf3.o(i.__0vsnprintf$3) refers to printf3.o(i._printf_core) for _printf_core
    printf3.o(i.__0vsnprintf$3) refers to printf3.o(i._snputc) for _snputc
    printf3.o(i.__0vsprintf$3) refers to printf3.o(i._printf_core) for _printf_core
    printf3.o(i.__0vsprintf$3) refers to printf3.o(i._sputc) for _sputc
    printf3.o(i._printf_core) refers to uidiv.o(.text) for __aeabi_uidivmod
    printf4.o(i.__0fprintf$4) refers to printf4.o(i._printf_core) for _printf_core
    printf4.o(i.__0fprintf$4) refers to uart.o(.text) for fputc
    printf4.o(i.__0printf$4) refers to printf4.o(i._printf_core) for _printf_core
    printf4.o(i.__0printf$4) refers to uart.o(.text) for fputc
    printf4.o(i.__0printf$4) refers to stdout.o(.data) for __stdout
    printf4.o(i.__0snprintf$4) refers to printf4.o(i._printf_core) for _printf_core
    printf4.o(i.__0snprintf$4) refers to printf4.o(i._snputc) for _snputc
    printf4.o(i.__0sprintf$4) refers to printf4.o(i._printf_core) for _printf_core
    printf4.o(i.__0sprintf$4) refers to printf4.o(i._sputc) for _sputc
    printf4.o(i.__0vfprintf$4) refers to printf4.o(i._printf_core) for _printf_core
    printf4.o(i.__0vfprintf$4) refers to uart.o(.text) for fputc
    printf4.o(i.__0vprintf$4) refers to printf4.o(i._printf_core) for _printf_core
    printf4.o(i.__0vprintf$4) refers to uart.o(.text) for fputc
    printf4.o(i.__0vprintf$4) refers to stdout.o(.data) for __stdout
    printf4.o(i.__0vsnprintf$4) refers to printf4.o(i._printf_core) for _printf_core
    printf4.o(i.__0vsnprintf$4) refers to printf4.o(i._snputc) for _snputc
    printf4.o(i.__0vsprintf$4) refers to printf4.o(i._printf_core) for _printf_core
    printf4.o(i.__0vsprintf$4) refers to printf4.o(i._sputc) for _sputc
    printf4.o(i._printf_core) refers to uldiv.o(.text) for __aeabi_uldivmod
    printf5.o(i.__0fprintf$5) refers to printf5.o(i._printf_core) for _printf_core
    printf5.o(i.__0fprintf$5) refers to uart.o(.text) for fputc
    printf5.o(i.__0printf$5) refers to printf5.o(i._printf_core) for _printf_core
    printf5.o(i.__0printf$5) refers to uart.o(.text) for fputc
    printf5.o(i.__0printf$5) refers to stdout.o(.data) for __stdout
    printf5.o(i.__0snprintf$5) refers to printf5.o(i._printf_core) for _printf_core
    printf5.o(i.__0snprintf$5) refers to printf5.o(i._snputc) for _snputc
    printf5.o(i.__0sprintf$5) refers to printf5.o(i._printf_core) for _printf_core
    printf5.o(i.__0sprintf$5) refers to printf5.o(i._sputc) for _sputc
    printf5.o(i.__0vfprintf$5) refers to printf5.o(i._printf_core) for _printf_core
    printf5.o(i.__0vfprintf$5) refers to uart.o(.text) for fputc
    printf5.o(i.__0vprintf$5) refers to printf5.o(i._printf_core) for _printf_core
    printf5.o(i.__0vprintf$5) refers to uart.o(.text) for fputc
    printf5.o(i.__0vprintf$5) refers to stdout.o(.data) for __stdout
    printf5.o(i.__0vsnprintf$5) refers to printf5.o(i._printf_core) for _printf_core
    printf5.o(i.__0vsnprintf$5) refers to printf5.o(i._snputc) for _snputc
    printf5.o(i.__0vsprintf$5) refers to printf5.o(i._printf_core) for _printf_core
    printf5.o(i.__0vsprintf$5) refers to printf5.o(i._sputc) for _sputc
    printf5.o(i._printf_core) refers to uldiv.o(.text) for __aeabi_uldivmod
    printf6.o(i.__0fprintf$6) refers to printf6.o(i._printf_core) for _printf_core
    printf6.o(i.__0fprintf$6) refers to uart.o(.text) for fputc
    printf6.o(i.__0printf$6) refers to printf6.o(i._printf_core) for _printf_core
    printf6.o(i.__0printf$6) refers to uart.o(.text) for fputc
    printf6.o(i.__0printf$6) refers to stdout.o(.data) for __stdout
    printf6.o(i.__0snprintf$6) refers to printf6.o(i._printf_core) for _printf_core
    printf6.o(i.__0snprintf$6) refers to printf6.o(i._snputc) for _snputc
    printf6.o(i.__0sprintf$6) refers to printf6.o(i._printf_core) for _printf_core
    printf6.o(i.__0sprintf$6) refers to printf6.o(i._sputc) for _sputc
    printf6.o(i.__0vfprintf$6) refers to printf6.o(i._printf_core) for _printf_core
    printf6.o(i.__0vfprintf$6) refers to uart.o(.text) for fputc
    printf6.o(i.__0vprintf$6) refers to printf6.o(i._printf_core) for _printf_core
    printf6.o(i.__0vprintf$6) refers to uart.o(.text) for fputc
    printf6.o(i.__0vprintf$6) refers to stdout.o(.data) for __stdout
    printf6.o(i.__0vsnprintf$6) refers to printf6.o(i._printf_core) for _printf_core
    printf6.o(i.__0vsnprintf$6) refers to printf6.o(i._snputc) for _snputc
    printf6.o(i.__0vsprintf$6) refers to printf6.o(i._printf_core) for _printf_core
    printf6.o(i.__0vsprintf$6) refers to printf6.o(i._sputc) for _sputc
    printf6.o(i._printf_core) refers to printf6.o(i._printf_pre_padding) for _printf_pre_padding
    printf6.o(i._printf_core) refers to printf6.o(i._printf_post_padding) for _printf_post_padding
    printf6.o(i._printf_core) refers to uidiv.o(.text) for __aeabi_uidivmod
    printf7.o(i.__0fprintf$7) refers to printf7.o(i._printf_core) for _printf_core
    printf7.o(i.__0fprintf$7) refers to uart.o(.text) for fputc
    printf7.o(i.__0printf$7) refers to printf7.o(i._printf_core) for _printf_core
    printf7.o(i.__0printf$7) refers to uart.o(.text) for fputc
    printf7.o(i.__0printf$7) refers to stdout.o(.data) for __stdout
    printf7.o(i.__0snprintf$7) refers to printf7.o(i._printf_core) for _printf_core
    printf7.o(i.__0snprintf$7) refers to printf7.o(i._snputc) for _snputc
    printf7.o(i.__0sprintf$7) refers to printf7.o(i._printf_core) for _printf_core
    printf7.o(i.__0sprintf$7) refers to printf7.o(i._sputc) for _sputc
    printf7.o(i.__0vfprintf$7) refers to printf7.o(i._printf_core) for _printf_core
    printf7.o(i.__0vfprintf$7) refers to uart.o(.text) for fputc
    printf7.o(i.__0vprintf$7) refers to printf7.o(i._printf_core) for _printf_core
    printf7.o(i.__0vprintf$7) refers to uart.o(.text) for fputc
    printf7.o(i.__0vprintf$7) refers to stdout.o(.data) for __stdout
    printf7.o(i.__0vsnprintf$7) refers to printf7.o(i._printf_core) for _printf_core
    printf7.o(i.__0vsnprintf$7) refers to printf7.o(i._snputc) for _snputc
    printf7.o(i.__0vsprintf$7) refers to printf7.o(i._printf_core) for _printf_core
    printf7.o(i.__0vsprintf$7) refers to printf7.o(i._sputc) for _sputc
    printf7.o(i._printf_core) refers to printf7.o(i._printf_pre_padding) for _printf_pre_padding
    printf7.o(i._printf_core) refers to printf7.o(i._printf_post_padding) for _printf_post_padding
    printf7.o(i._printf_core) refers to uldiv.o(.text) for __aeabi_uldivmod
    printf8.o(i.__0fprintf$8) refers to printf8.o(i._printf_core) for _printf_core
    printf8.o(i.__0fprintf$8) refers to uart.o(.text) for fputc
    printf8.o(i.__0printf$8) refers to printf8.o(i._printf_core) for _printf_core
    printf8.o(i.__0printf$8) refers to uart.o(.text) for fputc
    printf8.o(i.__0printf$8) refers to stdout.o(.data) for __stdout
    printf8.o(i.__0snprintf$8) refers to printf8.o(i._printf_core) for _printf_core
    printf8.o(i.__0snprintf$8) refers to printf8.o(i._snputc) for _snputc
    printf8.o(i.__0sprintf$8) refers to printf8.o(i._printf_core) for _printf_core
    printf8.o(i.__0sprintf$8) refers to printf8.o(i._sputc) for _sputc
    printf8.o(i.__0vfprintf$8) refers to printf8.o(i._printf_core) for _printf_core
    printf8.o(i.__0vfprintf$8) refers to uart.o(.text) for fputc
    printf8.o(i.__0vprintf$8) refers to printf8.o(i._printf_core) for _printf_core
    printf8.o(i.__0vprintf$8) refers to uart.o(.text) for fputc
    printf8.o(i.__0vprintf$8) refers to stdout.o(.data) for __stdout
    printf8.o(i.__0vsnprintf$8) refers to printf8.o(i._printf_core) for _printf_core
    printf8.o(i.__0vsnprintf$8) refers to printf8.o(i._snputc) for _snputc
    printf8.o(i.__0vsprintf$8) refers to printf8.o(i._printf_core) for _printf_core
    printf8.o(i.__0vsprintf$8) refers to printf8.o(i._sputc) for _sputc
    printf8.o(i._printf_core) refers to printf8.o(i._printf_pre_padding) for _printf_pre_padding
    printf8.o(i._printf_core) refers to printf8.o(i._printf_post_padding) for _printf_post_padding
    printf8.o(i._printf_core) refers to uldiv.o(.text) for __aeabi_uldivmod
    printfa.o(i.__0fprintf) refers (Special) to iusefp.o(.text) for __I$use$fp
    printfa.o(i.__0fprintf) refers to printfa.o(i._printf_core) for _printf_core
    printfa.o(i.__0fprintf) refers to uart.o(.text) for fputc
    printfa.o(i.__0printf) refers (Special) to iusefp.o(.text) for __I$use$fp
    printfa.o(i.__0printf) refers to printfa.o(i._printf_core) for _printf_core
    printfa.o(i.__0printf) refers to uart.o(.text) for fputc
    printfa.o(i.__0printf) refers to stdout.o(.data) for __stdout
    printfa.o(i.__0snprintf) refers (Special) to iusefp.o(.text) for __I$use$fp
    printfa.o(i.__0snprintf) refers to printfa.o(i._printf_core) for _printf_core
    printfa.o(i.__0snprintf) refers to printfa.o(i._snputc) for _snputc
    printfa.o(i.__0sprintf) refers (Special) to iusefp.o(.text) for __I$use$fp
    printfa.o(i.__0sprintf) refers to printfa.o(i._printf_core) for _printf_core
    printfa.o(i.__0sprintf) refers to printfa.o(i._sputc) for _sputc
    printfa.o(i.__0vfprintf) refers (Special) to iusefp.o(.text) for __I$use$fp
    printfa.o(i.__0vfprintf) refers to printfa.o(i._printf_core) for _printf_core
    printfa.o(i.__0vfprintf) refers to uart.o(.text) for fputc
    printfa.o(i.__0vprintf) refers (Special) to iusefp.o(.text) for __I$use$fp
    printfa.o(i.__0vprintf) refers to printfa.o(i._printf_core) for _printf_core
    printfa.o(i.__0vprintf) refers to uart.o(.text) for fputc
    printfa.o(i.__0vprintf) refers to stdout.o(.data) for __stdout
    printfa.o(i.__0vsnprintf) refers (Special) to iusefp.o(.text) for __I$use$fp
    printfa.o(i.__0vsnprintf) refers to printfa.o(i._printf_core) for _printf_core
    printfa.o(i.__0vsnprintf) refers to printfa.o(i._snputc) for _snputc
    printfa.o(i.__0vsprintf) refers (Special) to iusefp.o(.text) for __I$use$fp
    printfa.o(i.__0vsprintf) refers to printfa.o(i._printf_core) for _printf_core
    printfa.o(i.__0vsprintf) refers to printfa.o(i._sputc) for _sputc
    printfa.o(i._fp_digits) refers (Special) to iusefp.o(.text) for __I$use$fp
    printfa.o(i._fp_digits) refers to dmul.o(.text) for __aeabi_dmul
    printfa.o(i._fp_digits) refers to ddiv.o(.text) for __aeabi_ddiv
    printfa.o(i._fp_digits) refers to cdrcmple.o(.text) for __aeabi_cdrcmple
    printfa.o(i._fp_digits) refers to dadd.o(.text) for __aeabi_dadd
    printfa.o(i._fp_digits) refers to dfixul.o(.text) for __aeabi_d2ulz
    printfa.o(i._fp_digits) refers to uldiv.o(.text) for __aeabi_uldivmod
    printfa.o(i._printf_core) refers (Special) to iusefp.o(.text) for __I$use$fp
    printfa.o(i._printf_core) refers to printfa.o(i._printf_pre_padding) for _printf_pre_padding
    printfa.o(i._printf_core) refers to uldiv.o(.text) for __aeabi_uldivmod
    printfa.o(i._printf_core) refers to printfa.o(i._printf_post_padding) for _printf_post_padding
    printfa.o(i._printf_core) refers to printfa.o(i._fp_digits) for _fp_digits
    printfa.o(i._printf_core) refers to uidiv.o(.text) for __aeabi_uidivmod
    printfa.o(i._printf_post_padding) refers (Special) to iusefp.o(.text) for __I$use$fp
    printfa.o(i._printf_pre_padding) refers (Special) to iusefp.o(.text) for __I$use$fp
    printfa.o(i._snputc) refers (Special) to iusefp.o(.text) for __I$use$fp
    printfa.o(i._sputc) refers (Special) to iusefp.o(.text) for __I$use$fp
    fadd.o(.text) refers (Special) to iusefp.o(.text) for __I$use$fp
    fadd.o(.text) refers to fepilogue.o(.text) for _float_epilogue
    fdiv.o(.text) refers (Special) to iusefp.o(.text) for __I$use$fp
    fdiv.o(.text) refers to fepilogue.o(.text) for _float_round
    fscalb.o(.text) refers (Special) to iusefp.o(.text) for __I$use$fp
    dmul.o(.text) refers (Special) to iusefp.o(.text) for __I$use$fp
    dmul.o(.text) refers to depilogue.o(.text) for _double_epilogue
    dscalb.o(.text) refers (Special) to iusefp.o(.text) for __I$use$fp
    ffltui.o(.text) refers (Special) to iusefp.o(.text) for __I$use$fp
    ffltui.o(.text) refers to fepilogue.o(.text) for _float_epilogue
    dflti.o(.text) refers (Special) to iusefp.o(.text) for __I$use$fp
    dflti.o(.text) refers to depilogue.o(.text) for _double_epilogue
    dfltui.o(.text) refers (Special) to iusefp.o(.text) for __I$use$fp
    dfltui.o(.text) refers to depilogue.o(.text) for _double_epilogue
    f2d.o(.text) refers (Special) to iusefp.o(.text) for __I$use$fp
    d2f.o(.text) refers (Special) to iusefp.o(.text) for __I$use$fp
    d2f.o(.text) refers to fepilogue.o(.text) for _float_round
    cfrcmple.o(.text) refers (Special) to iusefp.o(.text) for __I$use$fp
    entry2.o(.ARM.Collect$$$$00000001) refers to entry2.o(.ARM.Collect$$$$00002712) for __lit__00000000
    entry2.o(.ARM.Collect$$$$00002712) refers to startup_lpc11xx.o(STACK) for __initial_sp
    entry2.o(__vectab_stack_and_reset_area) refers to startup_lpc11xx.o(STACK) for __initial_sp
    entry2.o(__vectab_stack_and_reset_area) refers to entry.o(.ARM.Collect$$$$00000000) for __main
    entry5.o(.ARM.Collect$$$$00000004) refers to init.o(.text) for __scatterload
    entry9a.o(.ARM.Collect$$$$0000000B) refers to main.o(.text) for main
    entry9b.o(.ARM.Collect$$$$0000000C) refers to main.o(.text) for main
    uldiv.o(.text) refers to llushr.o(.text) for __aeabi_llsr
    uldiv.o(.text) refers to llshl.o(.text) for __aeabi_llsl
    depilogue.o(.text) refers to depilogue.o(i.__ARM_clz) for __ARM_clz
    depilogue.o(.text) refers to llshl.o(.text) for __aeabi_llsl
    depilogue.o(.text) refers to llushr.o(.text) for __aeabi_llsr
    dadd.o(.text) refers to llshl.o(.text) for __aeabi_llsl
    dadd.o(.text) refers to llsshr.o(.text) for __aeabi_lasr
    dadd.o(.text) refers to depilogue.o(.text) for _double_epilogue
    ddiv.o(.text) refers to depilogue.o(.text) for _double_round
    dfixul.o(.text) refers to llushr.o(.text) for __aeabi_llsr
    dfixul.o(.text) refers to llshl.o(.text) for __aeabi_llsl
    init.o(.text) refers to entry5.o(.ARM.Collect$$$$00000004) for __main_after_scatterload


==============================================================================

Removing Unused input sections from the image.

    Removing startup_lpc11xx.o(HEAP), (0 bytes).
    Removing main.o(.data), (1 bytes).

2 unused section(s) (total 1 bytes) removed from the image.

==============================================================================

Image Symbol Table

    Local Symbols

    Symbol Name                              Value     Ov Type        Size  Object(Section)

    RESET                                    0x00000000   Section      192  startup_lpc11xx.o(RESET)
    ../clib/../cmprslib/lz77c.c              0x00000000   Number         0  __dclz77c.o ABSOLUTE
    ../clib/microlib/division.c              0x00000000   Number         0  uidiv.o ABSOLUTE
    ../clib/microlib/division.c              0x00000000   Number         0  uldiv.o ABSOLUTE
    ../clib/microlib/init/entry.s            0x00000000   Number         0  entry8a.o ABSOLUTE
    ../clib/microlib/init/entry.s            0x00000000   Number         0  entry7a.o ABSOLUTE
    ../clib/microlib/init/entry.s            0x00000000   Number         0  entry9a.o ABSOLUTE
    ../clib/microlib/init/entry.s            0x00000000   Number         0  entry.o ABSOLUTE
    ../clib/microlib/init/entry.s            0x00000000   Number         0  entry12a.o ABSOLUTE
    ../clib/microlib/init/entry.s            0x00000000   Number         0  entry8b.o ABSOLUTE
    ../clib/microlib/init/entry.s            0x00000000   Number         0  entry5.o ABSOLUTE
    ../clib/microlib/init/entry.s            0x00000000   Number         0  entry12b.o ABSOLUTE
    ../clib/microlib/init/entry.s            0x00000000   Number         0  entry7b.o ABSOLUTE
    ../clib/microlib/init/entry.s            0x00000000   Number         0  entry11b.o ABSOLUTE
    ../clib/microlib/init/entry.s            0x00000000   Number         0  entry11a.o ABSOLUTE
    ../clib/microlib/init/entry.s            0x00000000   Number         0  entry10b.o ABSOLUTE
    ../clib/microlib/init/entry.s            0x00000000   Number         0  entry10a.o ABSOLUTE
    ../clib/microlib/init/entry.s            0x00000000   Number         0  entry9b.o ABSOLUTE
    ../clib/microlib/init/entry.s            0x00000000   Number         0  entry2.o ABSOLUTE
    ../clib/microlib/longlong.c              0x00000000   Number         0  llsshr.o ABSOLUTE
    ../clib/microlib/longlong.c              0x00000000   Number         0  llushr.o ABSOLUTE
    ../clib/microlib/longlong.c              0x00000000   Number         0  llshl.o ABSOLUTE
    ../clib/microlib/printf/printf.c         0x00000000   Number         0  printf6.o ABSOLUTE
    ../clib/microlib/printf/printf.c         0x00000000   Number         0  printf5.o ABSOLUTE
    ../clib/microlib/printf/printf.c         0x00000000   Number         0  printf3.o ABSOLUTE
    ../clib/microlib/printf/printf.c         0x00000000   Number         0  printfb.o ABSOLUTE
    ../clib/microlib/printf/printf.c         0x00000000   Number         0  printf0.o ABSOLUTE
    ../clib/microlib/printf/printf.c         0x00000000   Number         0  printf1.o ABSOLUTE
    ../clib/microlib/printf/printf.c         0x00000000   Number         0  printf7.o ABSOLUTE
    ../clib/microlib/printf/printf.c         0x00000000   Number         0  printf4.o ABSOLUTE
    ../clib/microlib/printf/printf.c         0x00000000   Number         0  printfa.o ABSOLUTE
    ../clib/microlib/printf/printf.c         0x00000000   Number         0  printf2.o ABSOLUTE
    ../clib/microlib/printf/printf.c         0x00000000   Number         0  printf8.o ABSOLUTE
    ../clib/microlib/printf/stubs.s          0x00000000   Number         0  stubs.o ABSOLUTE
    ../clib/microlib/stdio/streams.c         0x00000000   Number         0  stdout.o ABSOLUTE
    ../clib/microlib/stubs.s                 0x00000000   Number         0  iusefp.o ABSOLUTE
    ../fplib/microlib/d2f.c                  0x00000000   Number         0  d2f.o ABSOLUTE
    ../fplib/microlib/f2d.c                  0x00000000   Number         0  f2d.o ABSOLUTE
    ../fplib/microlib/fpadd.c                0x00000000   Number         0  fadd.o ABSOLUTE
    ../fplib/microlib/fpadd.c                0x00000000   Number         0  dadd.o ABSOLUTE
    ../fplib/microlib/fpdiv.c                0x00000000   Number         0  fdiv.o ABSOLUTE
    ../fplib/microlib/fpdiv.c                0x00000000   Number         0  ddiv.o ABSOLUTE
    ../fplib/microlib/fpepilogue.c           0x00000000   Number         0  depilogue.o ABSOLUTE
    ../fplib/microlib/fpepilogue.c           0x00000000   Number         0  fepilogue.o ABSOLUTE
    ../fplib/microlib/fpfix.c                0x00000000   Number         0  dfixul.o ABSOLUTE
    ../fplib/microlib/fpflt.c                0x00000000   Number         0  dfltui.o ABSOLUTE
    ../fplib/microlib/fpflt.c                0x00000000   Number         0  ffltui.o ABSOLUTE
    ../fplib/microlib/fpflt.c                0x00000000   Number         0  dflti.o ABSOLUTE
    ../fplib/microlib/fpmul.c                0x00000000   Number         0  dmul.o ABSOLUTE
    ../fplib/microlib/fpscalb.c              0x00000000   Number         0  fscalb.o ABSOLUTE
    ../fplib/microlib/fpscalb.c              0x00000000   Number         0  dscalb.o ABSOLUTE
    ..\Common\src\core_cm0.c                 0x00000000   Number         0  core_cm0.o ABSOLUTE
    ..\Common\src\startup_LPC11xx.s          0x00000000   Number         0  startup_lpc11xx.o ABSOLUTE
    ..\Common\src\system_LPC11xx.c           0x00000000   Number         0  system_lpc11xx.o ABSOLUTE
    AD_UART.c                                0x00000000   Number         0  ad_uart.o ABSOLUTE
    DS1307.c                                 0x00000000   Number         0  ds1307.o ABSOLUTE
    DS18B20.c                                0x00000000   Number         0  ds18b20.o ABSOLUTE
    Delay.c                                  0x00000000   Number         0  delay.o ABSOLUTE
    I2C.c                                    0x00000000   Number         0  i2c.o ABSOLUTE
    LED.c                                    0x00000000   Number         0  led.o ABSOLUTE
    LM75BD.c                                 0x00000000   Number         0  lm75bd.o ABSOLUTE
    Music.c                                  0x00000000   Number         0  music.o ABSOLUTE
    OLED.c                                   0x00000000   Number         0  oled.o ABSOLUTE
    SSPI1.c                                  0x00000000   Number         0  sspi1.o ABSOLUTE
    Source\main.c                            0x00000000   Number         0  main.o ABSOLUTE
    UART.c                                   0x00000000   Number         0  uart.o ABSOLUTE
    XT25F02.c                                0x00000000   Number         0  xt25f02.o ABSOLUTE
    cdrcmple.s                               0x00000000   Number         0  cdrcmple.o ABSOLUTE
    cfrcmple.s                               0x00000000   Number         0  cfrcmple.o ABSOLUTE
    dc.s                                     0x00000000   Number         0  dc.o ABSOLUTE
    handlers.s                               0x00000000   Number         0  handlers.o ABSOLUTE
    init.s                                   0x00000000   Number         0  init.o ABSOLUTE
    .ARM.Collect$$$$00000000                 0x000000c0   Section        0  entry.o(.ARM.Collect$$$$00000000)
    .ARM.Collect$$$$00000001                 0x000000c0   Section        4  entry2.o(.ARM.Collect$$$$00000001)
    .ARM.Collect$$$$00000004                 0x000000c4   Section        4  entry5.o(.ARM.Collect$$$$00000004)
    .ARM.Collect$$$$00000008                 0x000000c8   Section        0  entry7b.o(.ARM.Collect$$$$00000008)
    .ARM.Collect$$$$0000000A                 0x000000c8   Section        0  entry8b.o(.ARM.Collect$$$$0000000A)
    .ARM.Collect$$$$0000000B                 0x000000c8   Section        8  entry9a.o(.ARM.Collect$$$$0000000B)
    .ARM.Collect$$$$0000000E                 0x000000d0   Section        4  entry12b.o(.ARM.Collect$$$$0000000E)
    .ARM.Collect$$$$0000000F                 0x000000d4   Section        0  entry10a.o(.ARM.Collect$$$$0000000F)
    .ARM.Collect$$$$00000011                 0x000000d4   Section        0  entry11a.o(.ARM.Collect$$$$00000011)
    .ARM.Collect$$$$00002712                 0x000000d4   Section        4  entry2.o(.ARM.Collect$$$$00002712)
    __lit__00000000                          0x000000d4   Data           4  entry2.o(.ARM.Collect$$$$00002712)
    .text                                    0x000000d8   Section        0  system_lpc11xx.o(.text)
    .text                                    0x00000258   Section       28  startup_lpc11xx.o(.text)
    .text                                    0x00000274   Section        0  delay.o(.text)
    .text                                    0x000002ec   Section        0  ffltui.o(.text)
    .text                                    0x000002fa   Section        0  iusefp.o(.text)
    i.__scatterload_null                     0x000002fa   Section        2  handlers.o(i.__scatterload_null)
    .ARM.__at_0x02FC                         0x000002fc   Section        4  startup_lpc11xx.o(.ARM.__at_0x02FC)
    .text                                    0x00000300   Section        0  main.o(.text)
    .text                                    0x0000070c   Section        0  music.o(.text)
    .text                                    0x000008b0   Section        0  oled.o(.text)
    .text                                    0x00000b84   Section        0  i2c.o(.text)
    .text                                    0x00000c58   Section        0  ds1307.o(.text)
    .text                                    0x00000dd4   Section        0  lm75bd.o(.text)
    .text                                    0x00000e20   Section        0  uart.o(.text)
    .text                                    0x00000efc   Section        0  ds18b20.o(.text)
    .text                                    0x000010dc   Section        0  xt25f02.o(.text)
    .text                                    0x00001264   Section        0  sspi1.o(.text)
    .text                                    0x000013a0   Section        0  led.o(.text)
    .text                                    0x0000143c   Section        0  uidiv.o(.text)
    .text                                    0x00001468   Section        0  fadd.o(.text)
    .text                                    0x0000151a   Section        0  fdiv.o(.text)
    .text                                    0x00001596   Section        0  fscalb.o(.text)
    .text                                    0x000015b0   Section        0  dmul.o(.text)
    .text                                    0x00001680   Section        0  dscalb.o(.text)
    .text                                    0x000016ac   Section        0  dflti.o(.text)
    .text                                    0x000016d4   Section        0  dfltui.o(.text)
    .text                                    0x000016f0   Section        0  f2d.o(.text)
    .text                                    0x00001718   Section        0  d2f.o(.text)
    .text                                    0x00001750   Section       20  cfrcmple.o(.text)
    .text                                    0x00001764   Section        0  uldiv.o(.text)
    .text                                    0x000017c4   Section        0  fepilogue.o(.text)
    .text                                    0x00001846   Section        0  depilogue.o(.text)
    .text                                    0x00001904   Section        0  dadd.o(.text)
    .text                                    0x00001a6c   Section        0  ddiv.o(.text)
    .text                                    0x00001b5c   Section        0  dfixul.o(.text)
    .text                                    0x00001b9c   Section       40  cdrcmple.o(.text)
    .text                                    0x00001bc4   Section       36  init.o(.text)
    .text                                    0x00001be8   Section        0  llshl.o(.text)
    .text                                    0x00001c08   Section        0  llushr.o(.text)
    .text                                    0x00001c2a   Section        0  llsshr.o(.text)
    .text                                    0x00001c50   Section        0  __dclz77c.o(.text)
    i.__0printf                              0x00001cb0   Section        0  printfa.o(i.__0printf)
    i.__0sprintf                             0x00001cd0   Section        0  printfa.o(i.__0sprintf)
    i.__ARM_clz                              0x00001cf8   Section        0  depilogue.o(i.__ARM_clz)
    i.__ARM_common_switch8                   0x00001d26   Section        0  system_lpc11xx.o(i.__ARM_common_switch8)
    i.__scatterload_copy                     0x00001d40   Section       14  handlers.o(i.__scatterload_copy)
    i.__scatterload_zeroinit                 0x00001d4e   Section       14  handlers.o(i.__scatterload_zeroinit)
    i._fp_digits                             0x00001d5c   Section        0  printfa.o(i._fp_digits)
    _fp_digits                               0x00001d5d   Thumb Code   344  printfa.o(i._fp_digits)
    i._printf_core                           0x00001ed0   Section        0  printfa.o(i._printf_core)
    _printf_core                             0x00001ed1   Thumb Code  1760  printfa.o(i._printf_core)
    i._printf_post_padding                   0x000025c0   Section        0  printfa.o(i._printf_post_padding)
    _printf_post_padding                     0x000025c1   Thumb Code    32  printfa.o(i._printf_post_padding)
    i._printf_pre_padding                    0x000025e0   Section        0  printfa.o(i._printf_pre_padding)
    _printf_pre_padding                      0x000025e1   Thumb Code    44  printfa.o(i._printf_pre_padding)
    i._sputc                                 0x0000260c   Section        0  printfa.o(i._sputc)
    _sputc                                   0x0000260d   Thumb Code    10  printfa.o(i._sputc)
    .constdata                               0x00002616   Section     1520  oled.o(.constdata)
    .data                                    0x10000000   Section        4  system_lpc11xx.o(.data)
    .data                                    0x10000004   Section       16  main.o(.data)
    .data                                    0x10000014   Section        7  main.o(.data)
    .data                                    0x1000001b   Section        7  main.o(.data)
    .data                                    0x10000022   Section     4224  music.o(.data)
    .data                                    0x100010a4   Section        4  stdout.o(.data)
    .bss                                     0x100010a8   Section       20  main.o(.bss)
    .bss                                     0x100010bc   Section       16  main.o(.bss)
    .bss                                     0x100010cc   Section       16  main.o(.bss)
    STACK                                    0x100010e0   Section      512  startup_lpc11xx.o(STACK)

    Global Symbols

    Symbol Name                              Value     Ov Type        Size  Object(Section)

    BuildAttributes$$THM_ISAv3M$S$PE$A:L22$X:L11$S22$IEEE1$IW$USESV6$~STKCKD$USESV7$~SHL$OTIME$ROPI$EBA8$MICROLIB$REQ8$PRES8$EABIv2 0x00000000   Number         0  anon$$obj.o ABSOLUTE
    __ARM_use_no_argv                        0x00000000   Number         0  main.o ABSOLUTE
    __Vectors                                0x00000000   Data           4  startup_lpc11xx.o(RESET)
    _printf_a                                0x00000000   Number         0  stubs.o ABSOLUTE
    _printf_c                                0x00000000   Number         0  stubs.o ABSOLUTE
    _printf_charcount                        0x00000000   Number         0  stubs.o ABSOLUTE
    _printf_d                                0x00000000   Number         0  stubs.o ABSOLUTE
    _printf_e                                0x00000000   Number         0  stubs.o ABSOLUTE
    _printf_f                                0x00000000   Number         0  stubs.o ABSOLUTE
    _printf_flags                            0x00000000   Number         0  stubs.o ABSOLUTE
    _printf_fp_dec                           0x00000000   Number         0  stubs.o ABSOLUTE
    _printf_fp_hex                           0x00000000   Number         0  stubs.o ABSOLUTE
    _printf_g                                0x00000000   Number         0  stubs.o ABSOLUTE
    _printf_i                                0x00000000   Number         0  stubs.o ABSOLUTE
    _printf_int_dec                          0x00000000   Number         0  stubs.o ABSOLUTE
    _printf_l                                0x00000000   Number         0  stubs.o ABSOLUTE
    _printf_lc                               0x00000000   Number         0  stubs.o ABSOLUTE
    _printf_ll                               0x00000000   Number         0  stubs.o ABSOLUTE
    _printf_lld                              0x00000000   Number         0  stubs.o ABSOLUTE
    _printf_lli                              0x00000000   Number         0  stubs.o ABSOLUTE
    _printf_llo                              0x00000000   Number         0  stubs.o ABSOLUTE
    _printf_llu                              0x00000000   Number         0  stubs.o ABSOLUTE
    _printf_llx                              0x00000000   Number         0  stubs.o ABSOLUTE
    _printf_longlong_dec                     0x00000000   Number         0  stubs.o ABSOLUTE
    _printf_longlong_hex                     0x00000000   Number         0  stubs.o ABSOLUTE
    _printf_longlong_oct                     0x00000000   Number         0  stubs.o ABSOLUTE
    _printf_ls                               0x00000000   Number         0  stubs.o ABSOLUTE
    _printf_mbtowc                           0x00000000   Number         0  stubs.o ABSOLUTE
    _printf_n                                0x00000000   Number         0  stubs.o ABSOLUTE
    _printf_o                                0x00000000   Number         0  stubs.o ABSOLUTE
    _printf_p                                0x00000000   Number         0  stubs.o ABSOLUTE
    _printf_percent                          0x00000000   Number         0  stubs.o ABSOLUTE
    _printf_pre_padding                      0x00000000   Number         0  stubs.o ABSOLUTE
    _printf_return_value                     0x00000000   Number         0  stubs.o ABSOLUTE
    _printf_s                                0x00000000   Number         0  stubs.o ABSOLUTE
    _printf_sizespec                         0x00000000   Number         0  stubs.o ABSOLUTE
    _printf_str                              0x00000000   Number         0  stubs.o ABSOLUTE
    _printf_truncate_signed                  0x00000000   Number         0  stubs.o ABSOLUTE
    _printf_truncate_unsigned                0x00000000   Number         0  stubs.o ABSOLUTE
    _printf_u                                0x00000000   Number         0  stubs.o ABSOLUTE
    _printf_wc                               0x00000000   Number         0  stubs.o ABSOLUTE
    _printf_wctomb                           0x00000000   Number         0  stubs.o ABSOLUTE
    _printf_widthprec                        0x00000000   Number         0  stubs.o ABSOLUTE
    _printf_x                                0x00000000   Number         0  stubs.o ABSOLUTE
    __arm_fini_                               - Undefined Weak Reference
    __cpp_initialize__aeabi_                  - Undefined Weak Reference
    __cxa_finalize                            - Undefined Weak Reference
    _clock_init                               - Undefined Weak Reference
    _microlib_exit                            - Undefined Weak Reference
    __main                                   0x000000c1   Thumb Code     0  entry.o(.ARM.Collect$$$$00000000)
    _main_stk                                0x000000c1   Thumb Code     0  entry2.o(.ARM.Collect$$$$00000001)
    _main_scatterload                        0x000000c5   Thumb Code     0  entry5.o(.ARM.Collect$$$$00000004)
    __main_after_scatterload                 0x000000c9   Thumb Code     0  entry5.o(.ARM.Collect$$$$00000004)
    _main_clock                              0x000000c9   Thumb Code     0  entry7b.o(.ARM.Collect$$$$00000008)
    _main_cpp_init                           0x000000c9   Thumb Code     0  entry8b.o(.ARM.Collect$$$$0000000A)
    _main_init                               0x000000c9   Thumb Code     0  entry9a.o(.ARM.Collect$$$$0000000B)
    __rt_lib_shutdown_fini                   0x000000d1   Thumb Code     0  entry12b.o(.ARM.Collect$$$$0000000E)
    __rt_final_cpp                           0x000000d5   Thumb Code     0  entry10a.o(.ARM.Collect$$$$0000000F)
    __rt_final_exit                          0x000000d5   Thumb Code     0  entry11a.o(.ARM.Collect$$$$00000011)
    SystemCoreClockUpdate                    0x000000d9   Thumb Code   216  system_lpc11xx.o(.text)
    SystemInit                               0x000001b1   Thumb Code    90  system_lpc11xx.o(.text)
    Reset_Handler                            0x00000259   Thumb Code     4  startup_lpc11xx.o(.text)
    NMI_Handler                              0x0000025d   Thumb Code     2  startup_lpc11xx.o(.text)
    HardFault_Handler                        0x0000025f   Thumb Code     2  startup_lpc11xx.o(.text)
    MemManage_Handler                        0x00000261   Thumb Code     2  startup_lpc11xx.o(.text)
    BusFault_Handler                         0x00000263   Thumb Code     2  startup_lpc11xx.o(.text)
    UsageFault_Handler                       0x00000265   Thumb Code     2  startup_lpc11xx.o(.text)
    SVC_Handler                              0x00000267   Thumb Code     2  startup_lpc11xx.o(.text)
    DebugMon_Handler                         0x00000269   Thumb Code     2  startup_lpc11xx.o(.text)
    PendSV_Handler                           0x0000026b   Thumb Code     2  startup_lpc11xx.o(.text)
    SysTick_Handler                          0x0000026d   Thumb Code     2  startup_lpc11xx.o(.text)
    ADC_IRQHandler                           0x0000026f   Thumb Code     0  startup_lpc11xx.o(.text)
    BOD_IRQHandler                           0x0000026f   Thumb Code     0  startup_lpc11xx.o(.text)
    CAN_IRQHandler                           0x0000026f   Thumb Code     0  startup_lpc11xx.o(.text)
    FMC_IRQHandler                           0x0000026f   Thumb Code     0  startup_lpc11xx.o(.text)
    I2C_IRQHandler                           0x0000026f   Thumb Code     0  startup_lpc11xx.o(.text)
    PIOINT0_IRQHandler                       0x0000026f   Thumb Code     0  startup_lpc11xx.o(.text)
    PIOINT1_IRQHandler                       0x0000026f   Thumb Code     0  startup_lpc11xx.o(.text)
    PIOINT2_IRQHandler                       0x0000026f   Thumb Code     0  startup_lpc11xx.o(.text)
    PIOINT3_IRQHandler                       0x0000026f   Thumb Code     0  startup_lpc11xx.o(.text)
    SSP0_IRQHandler                          0x0000026f   Thumb Code     0  startup_lpc11xx.o(.text)
    SSP1_IRQHandler                          0x0000026f   Thumb Code     0  startup_lpc11xx.o(.text)
    TIMER16_0_IRQHandler                     0x0000026f   Thumb Code     0  startup_lpc11xx.o(.text)
    TIMER16_1_IRQHandler                     0x0000026f   Thumb Code     0  startup_lpc11xx.o(.text)
    TIMER32_1_IRQHandler                     0x0000026f   Thumb Code     0  startup_lpc11xx.o(.text)
    UART_IRQHandler                          0x0000026f   Thumb Code     0  startup_lpc11xx.o(.text)
    USB_FIQHandler                           0x0000026f   Thumb Code     0  startup_lpc11xx.o(.text)
    USB_IRQHandler                           0x0000026f   Thumb Code     0  startup_lpc11xx.o(.text)
    WAKEUP_IRQHandler                        0x0000026f   Thumb Code     0  startup_lpc11xx.o(.text)
    WDT_IRQHandler                           0x0000026f   Thumb Code     0  startup_lpc11xx.o(.text)
    T16B0_init                               0x00000275   Thumb Code    22  delay.o(.text)
    T16B0_delay_ms                           0x0000028b   Thumb Code    42  delay.o(.text)
    T16B0_delay_us                           0x000002b5   Thumb Code    38  delay.o(.text)
    __aeabi_ui2f                             0x000002ed   Thumb Code    14  ffltui.o(.text)
    __I$use$fp                               0x000002fb   Thumb Code     0  iusefp.o(.text)
    __scatterload_null                       0x000002fb   Thumb Code     2  handlers.o(i.__scatterload_null)
    Menu                                     0x00000301   Thumb Code   300  main.o(.text)
    Temperature_Judgment                     0x0000042d   Thumb Code    72  main.o(.text)
    Transfor                                 0x00000475   Thumb Code    24  main.o(.text)
    MedianFilter                             0x0000048d   Thumb Code   106  main.o(.text)
    UART_Send_Date                           0x000004f7   Thumb Code    80  main.o(.text)
    TMR32B0_Init                             0x00000547   Thumb Code    44  main.o(.text)
    TIMER32_0_IRQHandler                     0x00000573   Thumb Code   114  main.o(.text)
    main                                     0x000005e5   Thumb Code    82  main.o(.text)
    T16B1_PWM_init                           0x0000070d   Thumb Code    64  music.o(.text)
    PassiveBuzzer_Init                       0x0000074d   Thumb Code    30  music.o(.text)
    PassiveBuzzer_Set_Freq_Duty              0x0000076b   Thumb Code    34  music.o(.text)
    PassiveBuzzer_OFF                        0x0000078d   Thumb Code    58  music.o(.text)
    PassiveBuzzer_ON                         0x000007c7   Thumb Code    68  music.o(.text)
    MUSIC_Brave_Lone                         0x0000080b   Thumb Code    66  music.o(.text)
    MUSIC_Two_Tigers                         0x0000084d   Thumb Code    66  music.o(.text)
    OLED_WriteCommand                        0x000008b1   Thumb Code    32  oled.o(.text)
    OLED_WriteData                           0x000008d1   Thumb Code    32  oled.o(.text)
    OLED_SetCursor                           0x000008f1   Thumb Code    30  oled.o(.text)
    OLED_Clear                               0x0000090f   Thumb Code    38  oled.o(.text)
    OLED_ShowChar                            0x00000935   Thumb Code    86  oled.o(.text)
    OLED_ShowString                          0x0000098b   Thumb Code    34  oled.o(.text)
    OLED_Pow                                 0x000009ad   Thumb Code    14  oled.o(.text)
    OLED_ShowNum                             0x000009bb   Thumb Code    64  oled.o(.text)
    OLED_ShowSignedNum                       0x000009fb   Thumb Code    88  oled.o(.text)
    OLED_ShowHexNum                          0x00000a53   Thumb Code    72  oled.o(.text)
    OLED_ShowBinNum                          0x00000a9b   Thumb Code    58  oled.o(.text)
    OLED_Init                                0x00000ad5   Thumb Code   172  oled.o(.text)
    I2C_Init                                 0x00000b85   Thumb Code   122  i2c.o(.text)
    I2C_Start                                0x00000bff   Thumb Code    24  i2c.o(.text)
    I2C_Stop                                 0x00000c17   Thumb Code    22  i2c.o(.text)
    I2C_Send_Byte                            0x00000c2d   Thumb Code    18  i2c.o(.text)
    I2C_Recieve_Byte                         0x00000c3f   Thumb Code    18  i2c.o(.text)
    DS1307_Write                             0x00000c59   Thumb Code    76  ds1307.o(.text)
    DS1307Init                               0x00000ca5   Thumb Code     4  ds1307.o(.text)
    Ds1307_WriteByte                         0x00000ca9   Thumb Code    40  ds1307.o(.text)
    DS1307_Read                              0x00000cd1   Thumb Code   208  ds1307.o(.text)
    Ds1307_ReadByte                          0x00000da1   Thumb Code    32  ds1307.o(.text)
    Read_Temp_LM75BD                         0x00000dd5   Thumb Code    72  lm75bd.o(.text)
    UART_Init                                0x00000e21   Thumb Code   136  uart.o(.text)
    UART_Recive                              0x00000ea9   Thumb Code    14  uart.o(.text)
    UART_Send_Byte                           0x00000eb7   Thumb Code    12  uart.o(.text)
    UART_Send                                0x00000ec3   Thumb Code    24  uart.o(.text)
    fputc                                    0x00000edb   Thumb Code    14  uart.o(.text)
    DQ_GET                                   0x00000efd   Thumb Code    10  ds18b20.o(.text)
    DQ_IN                                    0x00000f07   Thumb Code    20  ds18b20.o(.text)
    DQ                                       0x00000f1b   Thumb Code    40  ds18b20.o(.text)
    DQ_OUT                                   0x00000f43   Thumb Code    20  ds18b20.o(.text)
    DS18B20_Check                            0x00000f57   Thumb Code   106  ds18b20.o(.text)
    DS18B20_Init                             0x00000fc1   Thumb Code    20  ds18b20.o(.text)
    DS18B20_Read_Byte                        0x00000fd5   Thumb Code    70  ds18b20.o(.text)
    DS18B20_Write_Byte                       0x0000101b   Thumb Code    72  ds18b20.o(.text)
    DS18B20_Start                            0x00001063   Thumb Code    20  ds18b20.o(.text)
    DS18B20_GetTemperture                    0x00001077   Thumb Code    82  ds18b20.o(.text)
    XT25_WriteEnable                         0x000010dd   Thumb Code    18  xt25f02.o(.text)
    XT25_ReadSR                              0x000010ef   Thumb Code    28  xt25f02.o(.text)
    XT25_Write_Wait                          0x0000110b   Thumb Code    16  xt25f02.o(.text)
    XT25_Read_Wait                           0x0000111b   Thumb Code    12  xt25f02.o(.text)
    XT25_WriteSR                             0x00001127   Thumb Code    36  xt25f02.o(.text)
    XT25_RUID                                0x0000114b   Thumb Code    34  xt25f02.o(.text)
    XT25_EraseAll                            0x0000116d   Thumb Code    40  xt25f02.o(.text)
    XT25_EraseSector                         0x00001195   Thumb Code    64  xt25f02.o(.text)
    SPI1_Write_FLASH                         0x000011d5   Thumb Code    70  xt25f02.o(.text)
    SPI1_Read_FLASH                          0x0000121b   Thumb Code    66  xt25f02.o(.text)
    SSP1_IOConfig                            0x00001265   Thumb Code    84  sspi1.o(.text)
    SSPI1_Init                               0x000012b9   Thumb Code    94  sspi1.o(.text)
    SSP1_LOW                                 0x00001317   Thumb Code    12  sspi1.o(.text)
    SSP1_HIGH                                0x00001323   Thumb Code    12  sspi1.o(.text)
    SPI1_Comunicate                          0x0000132f   Thumb Code    22  sspi1.o(.text)
    SSP1_Send                                0x00001345   Thumb Code    26  sspi1.o(.text)
    SSP1_Receive                             0x0000135f   Thumb Code    28  sspi1.o(.text)
    RGB_LED_Init                             0x000013a1   Thumb Code    48  led.o(.text)
    LED_Toggle                               0x000013d1   Thumb Code    22  led.o(.text)
    RGB_Blue_Toggle                          0x000013e7   Thumb Code    22  led.o(.text)
    RGB_Green_Toggle                         0x000013fd   Thumb Code    22  led.o(.text)
    RGB_Red_Toggle                           0x00001413   Thumb Code    22  led.o(.text)
    __aeabi_uidiv                            0x0000143d   Thumb Code     0  uidiv.o(.text)
    __aeabi_uidivmod                         0x0000143d   Thumb Code    44  uidiv.o(.text)
    __aeabi_fadd                             0x00001469   Thumb Code   162  fadd.o(.text)
    __aeabi_fsub                             0x0000150b   Thumb Code     8  fadd.o(.text)
    __aeabi_frsub                            0x00001513   Thumb Code     8  fadd.o(.text)
    __aeabi_fdiv                             0x0000151b   Thumb Code   124  fdiv.o(.text)
    __ARM_scalbnf                            0x00001597   Thumb Code    24  fscalb.o(.text)
    scalbnf                                  0x00001597   Thumb Code     0  fscalb.o(.text)
    __aeabi_dmul                             0x000015b1   Thumb Code   202  dmul.o(.text)
    __ARM_scalbn                             0x00001681   Thumb Code    44  dscalb.o(.text)
    scalbn                                   0x00001681   Thumb Code     0  dscalb.o(.text)
    __aeabi_i2d                              0x000016ad   Thumb Code    34  dflti.o(.text)
    __aeabi_ui2d                             0x000016d5   Thumb Code    24  dfltui.o(.text)
    __aeabi_f2d                              0x000016f1   Thumb Code    40  f2d.o(.text)
    __aeabi_d2f                              0x00001719   Thumb Code    56  d2f.o(.text)
    __aeabi_cfrcmple                         0x00001751   Thumb Code    20  cfrcmple.o(.text)
    __aeabi_uldivmod                         0x00001765   Thumb Code    96  uldiv.o(.text)
    _float_round                             0x000017c5   Thumb Code    16  fepilogue.o(.text)
    _float_epilogue                          0x000017d5   Thumb Code   114  fepilogue.o(.text)
    _double_round                            0x00001847   Thumb Code    26  depilogue.o(.text)
    _double_epilogue                         0x00001861   Thumb Code   164  depilogue.o(.text)
    __aeabi_dadd                             0x00001905   Thumb Code   330  dadd.o(.text)
    __aeabi_dsub                             0x00001a4f   Thumb Code    12  dadd.o(.text)
    __aeabi_drsub                            0x00001a5b   Thumb Code    12  dadd.o(.text)
    __aeabi_ddiv                             0x00001a6d   Thumb Code   234  ddiv.o(.text)
    __aeabi_d2ulz                            0x00001b5d   Thumb Code    54  dfixul.o(.text)
    __aeabi_cdrcmple                         0x00001b9d   Thumb Code    38  cdrcmple.o(.text)
    __scatterload                            0x00001bc5   Thumb Code    28  init.o(.text)
    __scatterload_rt2                        0x00001bc5   Thumb Code     0  init.o(.text)
    __aeabi_llsl                             0x00001be9   Thumb Code    32  llshl.o(.text)
    _ll_shift_l                              0x00001be9   Thumb Code     0  llshl.o(.text)
    __aeabi_llsr                             0x00001c09   Thumb Code    34  llushr.o(.text)
    _ll_ushift_r                             0x00001c09   Thumb Code     0  llushr.o(.text)
    __aeabi_lasr                             0x00001c2b   Thumb Code    38  llsshr.o(.text)
    _ll_sshift_r                             0x00001c2b   Thumb Code     0  llsshr.o(.text)
    __decompress                             0x00001c51   Thumb Code     0  __dclz77c.o(.text)
    __decompress2                            0x00001c51   Thumb Code    96  __dclz77c.o(.text)
    __0printf                                0x00001cb1   Thumb Code    24  printfa.o(i.__0printf)
    __1printf                                0x00001cb1   Thumb Code     0  printfa.o(i.__0printf)
    __2printf                                0x00001cb1   Thumb Code     0  printfa.o(i.__0printf)
    __c89printf                              0x00001cb1   Thumb Code     0  printfa.o(i.__0printf)
    printf                                   0x00001cb1   Thumb Code     0  printfa.o(i.__0printf)
    __0sprintf                               0x00001cd1   Thumb Code    36  printfa.o(i.__0sprintf)
    __1sprintf                               0x00001cd1   Thumb Code     0  printfa.o(i.__0sprintf)
    __2sprintf                               0x00001cd1   Thumb Code     0  printfa.o(i.__0sprintf)
    __c89sprintf                             0x00001cd1   Thumb Code     0  printfa.o(i.__0sprintf)
    sprintf                                  0x00001cd1   Thumb Code     0  printfa.o(i.__0sprintf)
    __ARM_clz                                0x00001cf9   Thumb Code    46  depilogue.o(i.__ARM_clz)
    __ARM_common_switch8                     0x00001d27   Thumb Code    26  system_lpc11xx.o(i.__ARM_common_switch8)
    __scatterload_copy                       0x00001d41   Thumb Code    14  handlers.o(i.__scatterload_copy)
    __scatterload_zeroinit                   0x00001d4f   Thumb Code    14  handlers.o(i.__scatterload_zeroinit)
    OLED_F8x16                               0x00002616   Data        1520  oled.o(.constdata)
    Region$$Table$$Base                      0x00002c08   Number         0  anon$$obj.o(Region$$Table)
    Region$$Table$$Limit                     0x00002c28   Number         0  anon$$obj.o(Region$$Table)
    SystemCoreClock                          0x10000000   Data           4  system_lpc11xx.o(.data)
    Week                                     0x10000004   Data           1  main.o(.data)
    Temp_LM75BD                              0x10000008   Data           4  main.o(.data)
    Temp_Buf                                 0x1000000c   Data           8  main.o(.data)
    Time                                     0x10000014   Data           7  main.o(.data)
    data                                     0x1000001b   Data           7  main.o(.data)
    Tone_Index                               0x10000022   Data          48  music.o(.data)
    Music_Two_Tigers                         0x10000052   Data         234  music.o(.data)
    Music_Lone_Brave                         0x1000013c   Data        3942  music.o(.data)
    __stdout                                 0x100010a4   Data           4  stdout.o(.data)
    Date                                     0x100010a8   Data          10  main.o(.bss)
    Time_Data                                0x100010b2   Data          10  main.o(.bss)
    Write_Addr                               0x100010bc   Data          16  main.o(.bss)
    Read_Addr                                0x100010cc   Data          16  main.o(.bss)
    __initial_sp                             0x100012e0   Data           0  startup_lpc11xx.o(STACK)



==============================================================================

Memory Map of the image

  Image Entry point : 0x000000c1

  Load Region LR_IROM1 (Base: 0x00000000, Size: 0x00003cd0, Max: 0x00008000, ABSOLUTE, COMPRESSED[0x00002e28])

    Execution Region ER_IROM1 (Exec base: 0x00000000, Load base: 0x00000000, Size: 0x00002c28, Max: 0x00008000, ABSOLUTE)

    Exec Addr    Load Addr    Size         Type   Attr      Idx    E Section Name        Object

    0x00000000   0x00000000   0x000000c0   Data   RO           40    RESET               startup_lpc11xx.o
    0x000000c0   0x000000c0   0x00000000   Code   RO          302  * .ARM.Collect$$$$00000000  mc_p.l(entry.o)
    0x000000c0   0x000000c0   0x00000004   Code   RO          590    .ARM.Collect$$$$00000001  mc_p.l(entry2.o)
    0x000000c4   0x000000c4   0x00000004   Code   RO          593    .ARM.Collect$$$$00000004  mc_p.l(entry5.o)
    0x000000c8   0x000000c8   0x00000000   Code   RO          595    .ARM.Collect$$$$00000008  mc_p.l(entry7b.o)
    0x000000c8   0x000000c8   0x00000000   Code   RO          597    .ARM.Collect$$$$0000000A  mc_p.l(entry8b.o)
    0x000000c8   0x000000c8   0x00000008   Code   RO          598    .ARM.Collect$$$$0000000B  mc_p.l(entry9a.o)
    0x000000d0   0x000000d0   0x00000004   Code   RO          605    .ARM.Collect$$$$0000000E  mc_p.l(entry12b.o)
    0x000000d4   0x000000d4   0x00000000   Code   RO          600    .ARM.Collect$$$$0000000F  mc_p.l(entry10a.o)
    0x000000d4   0x000000d4   0x00000000   Code   RO          602    .ARM.Collect$$$$00000011  mc_p.l(entry11a.o)
    0x000000d4   0x000000d4   0x00000004   Code   RO          591    .ARM.Collect$$$$00002712  mc_p.l(entry2.o)
    0x000000d8   0x000000d8   0x00000180   Code   RO            1    .text               system_lpc11xx.o
    0x00000258   0x00000258   0x0000001c   Code   RO           42    .text               startup_lpc11xx.o
    0x00000274   0x00000274   0x00000078   Code   RO          165    .text               delay.o
    0x000002ec   0x000002ec   0x0000000e   Code   RO          578    .text               mf_p.l(ffltui.o)
    0x000002fa   0x000002fa   0x00000000   Code   RO          609    .text               mc_p.l(iusefp.o)
    0x000002fa   0x000002fa   0x00000002   Code   RO          635    i.__scatterload_null  mc_p.l(handlers.o)
    0x000002fc   0x000002fc   0x00000004   Code   RO           41    .ARM.__at_0x02FC    startup_lpc11xx.o
    0x00000300   0x00000300   0x0000040c   Code   RO           49    .text               main.o
    0x0000070c   0x0000070c   0x000001a4   Code   RO          118    .text               music.o
    0x000008b0   0x000008b0   0x000002d4   Code   RO          140    .text               oled.o
    0x00000b84   0x00000b84   0x000000d4   Code   RO          177    .text               i2c.o
    0x00000c58   0x00000c58   0x0000017c   Code   RO          189    .text               ds1307.o
    0x00000dd4   0x00000dd4   0x0000004c   Code   RO          205    .text               lm75bd.o
    0x00000e20   0x00000e20   0x000000dc   Code   RO          226    .text               uart.o
    0x00000efc   0x00000efc   0x000001e0   Code   RO          239    .text               ds18b20.o
    0x000010dc   0x000010dc   0x00000188   Code   RO          255    .text               xt25f02.o
    0x00001264   0x00001264   0x0000013c   Code   RO          274    .text               sspi1.o
    0x000013a0   0x000013a0   0x0000009c   Code   RO          287    .text               led.o
    0x0000143c   0x0000143c   0x0000002c   Code   RO          305    .text               mc_p.l(uidiv.o)
    0x00001468   0x00001468   0x000000b2   Code   RO          568    .text               mf_p.l(fadd.o)
    0x0000151a   0x0000151a   0x0000007c   Code   RO          570    .text               mf_p.l(fdiv.o)
    0x00001596   0x00001596   0x00000018   Code   RO          572    .text               mf_p.l(fscalb.o)
    0x000015ae   0x000015ae   0x00000002   PAD
    0x000015b0   0x000015b0   0x000000d0   Code   RO          574    .text               mf_p.l(dmul.o)
    0x00001680   0x00001680   0x0000002c   Code   RO          576    .text               mf_p.l(dscalb.o)
    0x000016ac   0x000016ac   0x00000028   Code   RO          580    .text               mf_p.l(dflti.o)
    0x000016d4   0x000016d4   0x0000001c   Code   RO          582    .text               mf_p.l(dfltui.o)
    0x000016f0   0x000016f0   0x00000028   Code   RO          584    .text               mf_p.l(f2d.o)
    0x00001718   0x00001718   0x00000038   Code   RO          586    .text               mf_p.l(d2f.o)
    0x00001750   0x00001750   0x00000014   Code   RO          588    .text               mf_p.l(cfrcmple.o)
    0x00001764   0x00001764   0x00000060   Code   RO          607    .text               mc_p.l(uldiv.o)
    0x000017c4   0x000017c4   0x00000082   Code   RO          610    .text               mf_p.l(fepilogue.o)
    0x00001846   0x00001846   0x000000be   Code   RO          612    .text               mf_p.l(depilogue.o)
    0x00001904   0x00001904   0x00000168   Code   RO          616    .text               mf_p.l(dadd.o)
    0x00001a6c   0x00001a6c   0x000000f0   Code   RO          618    .text               mf_p.l(ddiv.o)
    0x00001b5c   0x00001b5c   0x00000040   Code   RO          620    .text               mf_p.l(dfixul.o)
    0x00001b9c   0x00001b9c   0x00000028   Code   RO          622    .text               mf_p.l(cdrcmple.o)
    0x00001bc4   0x00001bc4   0x00000024   Code   RO          624    .text               mc_p.l(init.o)
    0x00001be8   0x00001be8   0x00000020   Code   RO          626    .text               mc_p.l(llshl.o)
    0x00001c08   0x00001c08   0x00000022   Code   RO          628    .text               mc_p.l(llushr.o)
    0x00001c2a   0x00001c2a   0x00000026   Code   RO          630    .text               mc_p.l(llsshr.o)
    0x00001c50   0x00001c50   0x00000060   Code   RO          640    .text               mc_p.l(__dclz77c.o)
    0x00001cb0   0x00001cb0   0x00000020   Code   RO          540    i.__0printf         mc_p.l(printfa.o)
    0x00001cd0   0x00001cd0   0x00000028   Code   RO          542    i.__0sprintf        mc_p.l(printfa.o)
    0x00001cf8   0x00001cf8   0x0000002e   Code   RO          614    i.__ARM_clz         mf_p.l(depilogue.o)
    0x00001d26   0x00001d26   0x0000001a   Code   RO           14    i.__ARM_common_switch8  system_lpc11xx.o
    0x00001d40   0x00001d40   0x0000000e   Code   RO          634    i.__scatterload_copy  mc_p.l(handlers.o)
    0x00001d4e   0x00001d4e   0x0000000e   Code   RO          636    i.__scatterload_zeroinit  mc_p.l(handlers.o)
    0x00001d5c   0x00001d5c   0x00000174   Code   RO          547    i._fp_digits        mc_p.l(printfa.o)
    0x00001ed0   0x00001ed0   0x000006f0   Code   RO          548    i._printf_core      mc_p.l(printfa.o)
    0x000025c0   0x000025c0   0x00000020   Code   RO          549    i._printf_post_padding  mc_p.l(printfa.o)
    0x000025e0   0x000025e0   0x0000002c   Code   RO          550    i._printf_pre_padding  mc_p.l(printfa.o)
    0x0000260c   0x0000260c   0x0000000a   Code   RO          552    i._sputc            mc_p.l(printfa.o)
    0x00002616   0x00002616   0x000005f0   Data   RO          141    .constdata          oled.o
    0x00002c06   0x00002c06   0x00000002   PAD
    0x00002c08   0x00002c08   0x00000020   Data   RO          632    Region$$Table       anon$$obj.o


    Execution Region RW_IRAM1 (Exec base: 0x10000000, Load base: 0x00002c28, Size: 0x000012e0, Max: 0x00002000, ABSOLUTE, COMPRESSED[0x00000200])

    Exec Addr    Load Addr    Size         Type   Attr      Idx    E Section Name        Object

    0x10000000   COMPRESSED   0x00000004   Data   RW            2    .data               system_lpc11xx.o
    0x10000004   COMPRESSED   0x00000010   Data   RW           53    .data               main.o
    0x10000014   COMPRESSED   0x00000007   Data   RW           54    .data               main.o
    0x1000001b   COMPRESSED   0x00000007   Data   RW           55    .data               main.o
    0x10000022   COMPRESSED   0x00001080   Data   RW          119    .data               music.o
    0x100010a2   COMPRESSED   0x00000002   PAD
    0x100010a4   COMPRESSED   0x00000004   Data   RW          606    .data               mc_p.l(stdout.o)
    0x100010a8        -       0x00000014   Zero   RW           50    .bss                main.o
    0x100010bc        -       0x00000010   Zero   RW           51    .bss                main.o
    0x100010cc        -       0x00000010   Zero   RW           52    .bss                main.o
    0x100010dc   COMPRESSED   0x00000004   PAD
    0x100010e0        -       0x00000200   Zero   RW           38    STACK               startup_lpc11xx.o


==============================================================================

Image component sizes


      Code (inc. data)   RO Data    RW Data    ZI Data      Debug   Object Name

       120         18          0          0          0        783   delay.o
       380         20          0          0          0       1735   ds1307.o
       480         20          0          0          0       2579   ds18b20.o
       212          8          0          0          0       1085   i2c.o
       156         20          0          0          0        910   led.o
        76          4          0          0          0        583   lm75bd.o
      1036        214          0         30         52       7443   main.o
       420         34          0       4224          0       2362   music.o
       724          4       1520          0          0       4705   oled.o
       316         38          0          0          0       1920   sspi1.o
        32          8        192          0        512       1004   startup_lpc11xx.o
       410         96          0          4          0      14389   system_lpc11xx.o
       220         20          0          0          0       1697   uart.o
       392          8          0          0          0       2560   xt25f02.o

    ----------------------------------------------------------------------
      4974        512       1746       4260        568      43755   Object Totals
         0          0         32          0          0          0   (incl. Generated)
         0          0          2          2          4          0   (incl. Padding)

    ----------------------------------------------------------------------

      Code (inc. data)   RO Data    RW Data    ZI Data      Debug   Library Member Name

        96          0          0          0          0          0   __dclz77c.o
         0          0          0          0          0          0   entry.o
         0          0          0          0          0          0   entry10a.o
         0          0          0          0          0          0   entry11a.o
         4          0          0          0          0          0   entry12b.o
         8          4          0          0          0          0   entry2.o
         4          0          0          0          0          0   entry5.o
         0          0          0          0          0          0   entry7b.o
         0          0          0          0          0          0   entry8b.o
         8          4          0          0          0          0   entry9a.o
        30          0          0          0          0          0   handlers.o
        36          8          0          0          0         68   init.o
         0          0          0          0          0          0   iusefp.o
        32          0          0          0          0         68   llshl.o
        38          0          0          0          0         68   llsshr.o
        34          0          0          0          0         68   llushr.o
      2306        102          0          0          0        556   printfa.o
         0          0          0          4          0          0   stdout.o
        44          0          0          0          0         72   uidiv.o
        96          0          0          0          0         84   uldiv.o
        40          2          0          0          0         68   cdrcmple.o
        20          0          0          0          0         68   cfrcmple.o
        56          0          0          0          0         68   d2f.o
       360          6          0          0          0        140   dadd.o
       240          6          0          0          0         84   ddiv.o
       236          0          0          0          0        216   depilogue.o
        64         10          0          0          0         68   dfixul.o
        40          6          0          0          0         68   dflti.o
        28          4          0          0          0         68   dfltui.o
       208          6          0          0          0         88   dmul.o
        44          0          0          0          0         72   dscalb.o
        40          0          0          0          0         60   f2d.o
       178          0          0          0          0        108   fadd.o
       124          0          0          0          0         72   fdiv.o
       130          0          0          0          0        144   fepilogue.o
        14          0          0          0          0         68   ffltui.o
        24          0          0          0          0         60   fscalb.o

    ----------------------------------------------------------------------
      4584        158          0          4          0       2504   Library Totals
         2          0          0          0          0          0   (incl. Padding)

    ----------------------------------------------------------------------

      Code (inc. data)   RO Data    RW Data    ZI Data      Debug   Library Name

      2736        118          0          4          0        984   mc_p.l
      1846         40          0          0          0       1520   mf_p.l

    ----------------------------------------------------------------------
      4584        158          0          4          0       2504   Library Totals

    ----------------------------------------------------------------------

==============================================================================


      Code (inc. data)   RO Data    RW Data    ZI Data      Debug   

      9558        670       1746       4264        568      43959   Grand Totals
      9558        670       1746        512        568      43959   ELF Image Totals (compressed)
      9558        670       1746        512          0          0   ROM Totals

==============================================================================

    Total RO  Size (Code + RO Data)                11304 (  11.04kB)
    Total RW  Size (RW Data + ZI Data)              4832 (   4.72kB)
    Total ROM Size (Code + RO Data + RW Data)      11816 (  11.54kB)

==============================================================================

